1=.44 Magnum 
2=AK-47 
3=Aabbt Kindred 
4=Aaron Bathurst 
5=Aaron Duggan, Cameron's Toady 
6=Aaron's Feeding Razor 
7=Abandoning the Flesh 
8=Abbot 
9=Abd al-Rashid 
10=Abdelsobek 
11=Abebe 
12=Abjure 
13=Ablative Skin 
14=Abombwe 
15=Abomination 
16=Absimiliard's Army 
17=Absolution of the Diabolist 
18=Absorb the Mind 
19=Abyssal Hunter 
20=Academic Hunting Ground 
21=Accorri Giovanni 
22=Aching Beauty 
23=Acquired Ventrue Assets 
24=Acrobatics 
25=Adaptability 
26=Adelaide Davis 
27=Adhiambo 
28=The Admonitions 
29=Adonai 
30=Adrianne 
31=Aeron 
32=Afifa, The Herald 
33=Agaitas, The Scholar of Antiquities 
34=Agatha 
35=Agent of Power 
36=Aggressive Tactics 
37=Agrippina 
38=Agru Kabera 
39=Ahmose Chambers 
40=Ahrimane Protectorate 
41=Ahriman's Demesne 
42=Aid from Bats 
43=Aimee Laroux 
44=Aire of Elation 
45=Aisha 
46=Aisling Sturbridge 
47=Aiyana, The Wolfcatcher 
48=Akhenaten, The Sun Pharaoh (Mummy) 
49=Akram 
50=Aksinya Daclau 
51=Akunanse Kholo 
52=Al-Ashrad, Amr of Alamut 
53=Al-Muntaquim, The Avenger 
54=Alacrity 
55=Alamut 
56=Alan Sovereign 
57=Alan Sovereign 
58=Alastor 
59=Alejandro Aguirre 
60=Aleph 
61=Alessandro Garcia 
62=Alexandra 
63=Alexis Sorokin 
64=Alfred Benezri 
65=Alfred Benezri 
66=Ali Kar 
67=Alia, God's Messenger 
68=Alicia Barrows 
69=Allison Maller 
70=Allonzo Montoya 
71=Almiro Suarez 
72=Almodo Giovanni 
73=Alonzo Guillen 
74=Alpha Glint 
75=Al's Army Apparatus 
76=Alu 
77=Alvaro, The Scion of Angelica 
78=Amadeo 
79=Amam the Devourer (Bane Mummy) 
80=Amaranth 
81=Amaravati 
82=Amavi 
83=Ambrogino Giovanni 
84=Ambrogino Giovanni 
85=Ambrosio Luis Monçada, Plenipotentiary 
86=Ambrosius, The Ferryman (Wraith) 
87=Ambulance 
88=Ambush 
89=Amelia 
90=Amelia, The Blood Red Tears 
91=Amenophobis 
92=Amisa 
93=Amria 
94=Amusement Park Hunting Ground 
95=Ana Rita Montaña 
96=Anachronism 
97=Ananasi Vampirephile 
98=The Anarch Free Press 
99=Anarch Railroad 
100=Anarch Revolt 
101=Anarch Salon 
102=Anarch Secession 
103=Anarch Troublemaker 
104=Anarchist Uprising 
105=Anastasia Grey 
106=Anastasz di Zagreb 
107=Anathema 
108=Anatole, Prophet of Gehenna 
109=Ancestor Spirit 
110=Ancestor's Insight 
111=The Ancestor's Talisman 
112=Ancient Influence 
113=Ancilla Empowerment 
114=Andrea Giovanni 
115=Andreas, The Bard of Crete 
116=Andrei Puxon 
117=Andrew Emory 
118=Anesthetic Touch 
119=Angel 
120=Angela Decker 
121=Angela Preston 
122=Angelica, The Canonicus 
123=Angelo 
124=Angel of Berlin 
125=Angus the Unruled 
126=Anima Gathering 
127=Animal Magnetism 
128=Animalism 
129=Anisa Marianna Lopez 
130=Anjalika Underwood 
131=Anka, Priestess of Thorns 
132=The Ankara Citadel, Turkey 
133=Ankh-sen-Sutekh 
134=Ankla Hotep 
135=Anna "Dictatrix11" Suljic 
136=Annabelle Triabell 
137=Anneke 
138=Anson 
139=Antara 
140=Antediluvian Awakening 
141=Anthelios, The Red Star 
142=Antithesis 
143=Antoinette DuChamp 
144=Antoinette Dubois 
145=Antoinette, She Who Watches 
146=Anton 
147=Antón de Concepción 
148=Antonino 
149=Antonio Delgado 
150=Antonio Veradas 
151=Antonio d'Erlette 
152=Anvil 
153=Anwar 
154=Apache Jones 
155=Apparition 
156=Appius Claudius Corvus 
157=Appolonius 
158=Apportation 
159=Approximation of Loyalty 
160=Aranthebes, The Immortal 
161=Arcane Library 
162=Arcanum Chapterhouse, Alexandria 
163=Arcanum Investigator 
164=Archon 
165=Archon Investigation 
166=Ardan Lane 
167=Aredhel 
168=Aren, Priest of Eshu 
169=Argent Baton 
170=Arianne, The Conqueror 
171=Arika 
172=Aristotle de Laurent 
173=Armin Brenner 
174=Armor of Caine's Fury 
175=Armor of Terra 
176=Armor of Vitality 
177=Arms Dealer 
178=Arms of the Abyss 
179=Army of Apparitions 
180=Army of Rats 
181=Arnold Simpson 
182=Arnulf Jormungandrsson 
183=Arson 
184=Art Museum 
185=Art Scam 
186=Artemis 
187=Artistically Inept 
188=The Art of Love 
189=The Art of Memory 
190=The Art of Pain 
191=Art's Traumatic Essence 
192=Asanbonsam Ghoul 
193=Ascendance 
194=Ash Harrison 
195=Ashes to Ashes 
196=Assad Salhoum 
197=Assault Rifle 
198=Astrid Thomas 
199=Asylum Hunting Ground 
200=Atonement 
201=Augur 
202=Augustus Giovanni 
203=Aura Absorption 
204=Aura Reading 
205=Aura of Invincibility 
206=Aurora Van Brande, Paladin 
207=Auspex 
208=Autarkis Persecution 
209=Auto-da-fé 
210=Autonomic Mastery 
211=Aversion 
212=Awe 
213=Axel Von Anders 
214=Aye 
215=Ayelea, The Manipulator 
216=Ayo Igoli 
217=Azaneal 
218=Aziz, Dammar of Istanbul 
219=Baal's Bloody Talons 
220=Babalawo Alafin 
221=Babble 
222=Backflip 
223=Backstab 
224=Backstep 
225=Backways 
226=Badger 
227=Badr al-Budur 
228=Bajazet al-Nasir 
229=Bakr 
230=Baldesar Rossellini 
231=Baleful Doll 
232=Baltimore Purge 
233=Bang Nakh -- Tiger's Claws 
234=Banishment 
235=Banjoko 
236=Banner of Neutrality 
237=Banshee Ironwail 
238=Barbaro Lucchese 
239=The Baron 
240=The Barrens 
241=Barry 
242=Barth 
243=Bartholomew 
244=Base Hunting Ground 
245=Basil 
246=Basilia 
247=Basilisk's Touch 
248=Basir 
249=Bastard Sword 
250=Bastille Opera House 
251=Batsheva 
252=Battle Frenzy 
253=Bauble 
254=Bay and Howl 
255=Bear-Baiting 
256=Bear Paw 
257=Beast Meld 
258=Beast, The Leatherface of Detroit 
259=Béatrice L'Angou 
260=Béatrice "Oracle171" Tremblay 
261=Beauregard Krueller 
262=Beckett 
263=Beckett 
264=Becoming of Ennoia 
265=Behind You! 
266=Bela Kardoza 
267=Belle Equitone 
268=Belonging Grants Protection 
269=Benedict Giovanni, Agent 
270=Beretta 9mm 
271=Bertrand d'Anjou 
272=Bestial Visage 
273=Bestow Vigor 
274=Betrayer 
275=Bewitching Oration 
276=Beyond Reproach 
277=Bianca 
278=Big Game 
279=Bill Butler 
280=Billy 
281=Bima 
282=Bind the Night-Walker 
283=Bindusara, Historian of the Kindred 
284=Biothaumaturgic Experiment 
285=Black Annis 
286=Black Cat 
287=Black Forest Base 
288=Black Gloves 
289=Black Hand Emissary 
290=Black Hand Ritual 
291=Black Lotus 
292=Black Metamorphosis 
293=Black Spiral Buddy 
294=Black Sunrise 
295=The Black Throne 
296=Black Wallace 
297=Blackhorse Tanner 
298=Blackmail 
299=Blade of Enoch 
300=Blaise 
301=Blanche Hill 
302=Blanket of Night 
303=Bleeding the Vine 
304=Blessed Audience 
305=Blessing of Chaos 
306=Blessing of Durga Syn 
307=Blessing of the Name 
308=Blind Spot 
309=Blissful Agony 
310=Blister 
311=Blithe Acceptance 
312=Blood Agony 
313=Blood Awakening 
314=Blood Bond 
315=Blood Brother Ambush 
316=Blood Clots 
317=Blood Cult Awareness Network 
318=Blood Doll 
319=Blood Feast 
320=Blood Fury 
321=Blood Hunt 
322=Blood Puppy 
323=Blood Rage 
324=Blood Siege 
325=Blood Sweat 
326=Blood Tears of Kephran 
327=Blood Trade 
328=Blood Weakens 
329=Bloodbath 
330=Bloodfeud 
331=Bloodform 
332=Blooding 
333=Blooding by the Code 
334=Bloodlust 
335=Blood of Acid 
336=Blood of the Cobra 
337=Blood of the Sabbat 
338=Bloodstone 
339=Bloodstorm of Chorazin 
340=Blood to Water 
341=Bloodwork 
342=Blow Torch 
343=Blur 
344=Blythe Candeleria 
345=Bobby Lemon 
346=Body Arsenal 
347=Body Bag 
348=Body Flare 
349=Body of Sun 
350=Bomb 
351=Bond 
352=Bonding 
353=Bond with the Mountain 
354=Bone Spur 
355=Bonecraft 
356=The Book of Going Forth by Night 
357=Border Skirmish 
358=Boss Callihan 
359=Botched Move 
360=Bothwell 
361=Bounty 
362=Bowl of Convergence 
363=Boxed In 
364=Boy Toy 
365=Brachah 
366=Brainwash 
367=Brass Knuckles 
368=Bravo 
369=Brazil 
370=Break the Code 
371=Breath of Thanatos 
372=Breath of the Dragon 
373=Brian Thompson 
374=Bribes 
375=Brick Laying 
376=Brigitte Gebauer (Wraith) 
377=Brinksmanship 
378=Bronwen 
379=Brooke 
380=Brother in Arms 
381=Brother's Blood 
382=Brothers Grimm 
383=Bruce de Guy 
384=The Bruisers 
385=Brujah Debate 
386=Brujah Frenzy 
387=Brujah Justicar 
388=Brunhilde 
389=Brute Force 
390=Bryan Van Duesen 
391=Bujo 
392=Bum's Rush 
393=Bundi 
394=Bupe Kuila 
395=Burden the Mind 
396=Bureaucratic Overload 
397=Burning Touch 
398=Burning Wrath 
399=Burnt Offerings 
400=Burst of Sunlight 
401=Business Pressure 
402=Cadet 
403=Cagliostro, The Grand Copht 
404=Caiaphas Smith 
405=Cailean 
406=Cairo Int'l Airport 
407=Caitlin 
408=Calebos 
409=Calebros, The Martyr 
410=Caliban 
411=The Call 
412=Callirus 
413=Call of the Hungry Dead 
414=Call the Great Beast 
415=Call the Lamprey 
416=Call the Wild Hunt 
417=Camarilla Exemplary 
418=Camarilla Threat 
419=Camarilla Vitae Slave 
420=Camera Phone 
421=Cameron 
422=Camille Devereux, The Raven 
423=Campground Hunting Ground 
424=Canine Horde 
425=Canopic Jar 
426=Can't Take it with You 
427=Capitalist 
428=Car Bomb 
429=Cardano 
430=Cardinal Benediction 
431=Cardinal Sin: Failure of Mission 
432=Cardinal Sin: Insubordination 
433=Carlotta Giovanni 
434=Carlton Van Wyk (Hunter) 
435=Carmen 
436=Carmine Giovanni 
437=Carna, The Princess Witch 
438=Carnivale 
439=Caroline Bishops 
440=Carrion Coffin 
441=Carrion Crows 
442=Carter 
443=Carthage Remembered 
444=Carver's Meat Packing and Storage 
445=Caseless Rounds 
446=Casino Reeds 
447=Cassandra, Magus Prime 
448=Cat Burglary 
449=Catacombs 
450=Catatonic Fear 
451=Catherine du Bois 
452=Cats' Guidance 
453=Cauldron of Blood 
454=Cave of Apples 
455=Cedric 
456=Celerity 
457=Célèste Lamontagne 
458=Céleste, The Voice of a Secret 
459=Celestial Harmony 
460=Celine Chevalier 
461=Census Taker 
462=Centralized Background Check 
463=Cesewayo 
464=Chain of Command 
465=Chainsaw 
466=Chair of Hades 
467=Chalice of Kinship 
468=Chameleon's Colors 
469=Champion 
470=Chandler Hungerford 
471=Changeling 
472=Changeling Skin Mask 
473=Change of Target 
474=Chanjelin Ward 
475=Channel 10 
476=Channeling the Beast 
477=Chantry 
478=Charice Fontaigne 
479=Charigger, The Axe 
480=Charisma 
481=Charlie Tyne 
482=Charming Lobby 
483=Charnas the Imp 
484=Chas Giovanni Tello 
485=Chavi Oraczko 
486=Chester DuBois 
487=Cheval de Bataille 
488=Children of Osiris 
489=Chill of Oblivion 
490=Chimerstry 
491=Chiram's Hold 
492=Chiropteran Marauder 
493=Choir 
494=Christanius Lionel, The Mad Chronicler 
495=Christine Boscacci 
496=Christopher Houghton 
497=Chronicle of the Lost Tribe 
498=The Church of Vindicated Faith 
499=Church of the Order of St. Blaise 
500=Cicatriz 
501=Circle 
502=Circumspect Revelation 
503=City Gangrel Connections 
504=Claiming the Body 
505=Clan Impersonation 
506=Clan Loyalty 
507=Clandestine Contract 
508=Clarissa Steinburgen 
509=Claven 
510=Claws of the Dead 
511=Clea Auguste d'Holford 
512=Cleansing Ritual 
513=Cleave 
514=Clio's Kiss 
515=Cloak of Blood 
516=Cloak of the Abalone 
517=Cloak the Gathering 
518=Closed Session 
519=Clotho's Gift 
520=Club Zombie 
521=Coagulate Blood 
522=Coagulated Entity 
523=Cobra Fangs 
524=Cock Robin 
525=Code of Milan Suspended 
526=Codex of the Damned 
527=Cohn Rose 
528=Cold Amber's Hold 
529=Cold Aura 
530=Colin Flynn 
531=Collapse the Arches 
532=The Colonel 
533=Coma 
534=Combat Shotgun 
535=Command 
536=Command of the Beast 
537=Command of the Harpies 
538=Command the Legion 
539=Communal Haven: Cathedral 
540=Communal Haven: Temple 
541=Community Justice 
542=Compel the Spirit 
543=Compress 
544=Computer Hacking 
545=Conceal 
546=Concealed Weapon 
547=Concert Tour 
548=Concoction of Vitality 
549=Concordance 
550=Condemnation: Betrayed 
551=Condemnation: Doomed 
552=Condemnation: Languid 
553=Condemnation: Mute 
554=Condemn the Sins of the Father 
555=Conditioning 
556=Conductor 
557=Conflagration 
558=Conflict of Interests 
559=Confusion 
560=Confusion of the Eye 
561=Conniver 
562=Conquer the Beast 
563=Conquest of Humanity 
564=Conrad Adoula 
565=Consanguineous Boon 
566=Consanguineous Condemnation 
567=Conscripted Statue 
568=Consecration Rites 
569=Conservative Agitation 
570=Consignment to Duat 
571=Constanza Vinti 
572=Consume the Dead 
573=Contagion 
574=Contingency Planning 
575=Contract 
576=Convergence 
577=Cooler 
578=Coordinate Attacks 
579=Corine Marcón 
580=Cornelius Ottavio 
581=Coroner's Contact 
582=Corporal Reservoir 
583=Corporate Hunting Ground 
584=Corpse Balloon 
585=Corpse Minion 
586=Corrupt Construction 
587=Corruption 
588=Corruption's Purge 
589=Council of Seraphim 
590=Count Germaine 
591=Count Germaine 
592=Count Ormonde 
593=Count Vladimir Rustovitch 
594=Courier 
595=Courtland Leighton 
596=The Coven 
597=Covenant of Blood 
598=Covincraft 
599=Cracking the Wall 
600=Crawling Chamber 
601=Creamy Jade 
602=Create Gargoyle 
603=Creation Rites 
604=Creep Show 
605=Creeping Infection 
606=Creepshow Casino 
607=Crematorium 
608=Crimson Fury 
609=The Crimson Sentinel 
610=Cristobal Ghiberti 
611=Cristofero Giovanni 
612=Cristos Mantigo 
613=The Crocodile Temple 
614=Crocodile's Tongue 
615=Crusade: Amsterdam 
616=Crusade: Atlanta 
617=Crusade: Barcelona 
618=Crusade: Berlin 
619=Crusade: Brussels 
620=Crusade: Chicago 
621=Crusade: Detroit 
622=Crusade: Dublin 
623=Crusade: Frankfurt 
624=Crusade: Geneva 
625=Crusade: Houston 
626=Crusade: Istanbul 
627=Crusade: London 
628=Crusade: Mexico City 
629=Crusade: Miami 
630=Crusade: New York 
631=Crusade: Paris 
632=Crusade: Philadelphia 
633=Crusade: Pittsburgh 
634=Crusade: Rome 
635=Crusade: Toronto 
636=Crusade: Washington, D.C. 
637=The Crusader Sword 
638=Crusher 
639=Cry Wolf 
640=Cryptic Mission 
641=Cryptic Rider 
642=Cull the Herd 
643=Cultivated Blood Shortage 
644=Cunctator Motion 
645=Curmudgeon 
646=Curse of Nitocris 
647=Cybele 
648=Cynthia Ingold 
649=Cyscek 
650=Daemonic Possession 
651=Dagon's Call 
652=Daliyah 
653=Damaskenos, Herald of Leandro 
654=Dame Hollerton 
655=The Damned 
656=Dan Murdock 
657=Dancin' Dana 
658=Dani 
659=Danielle Diron 
660=Danny Larkshill 
661=Danse Macabre 
662=Daring the Dawn 
663=Darius Styx 
664=Darkling Trickery 
665=Darkness Within 
666=Darksight 
667=Darrell Boyce, Consul 
668=Dartmoor, England 
669=Darva Felispa 
670=Darvag, The Butcher of Rus 
671=Dauntain Black Magician (Changeling) 
672=David Morgan, The Scourge 
673=Dawn Operation 
674=Day Operation 
675=DeSalle 
676=Dead-End Alley 
677=Dead Hand 
678=The Deadliest Sin 
679=Deal with the Devil 
680=Death Pact 
681=The Death of My Conscience 
682=Death of the Drum 
683=Decapitate 
684=Dedefra 
685=Deed the Heart's Desire 
686=Deep Cover Agent 
687=Deer Rifle 
688=Defender of the Haven 
689=Deflection 
690=Dela Eden 
691=Delaying Tactics 
692=Delilah Easton 
693=Delilah Monroe 
694=Delivery Truck 
695=Demdemeh 
696=Dementation 
697=Demetrius Slater 
698=Democritus 
699=Demonstration 
700=Denette Stensen 
701=Denial of Aphrodite's Favor 
702=Deny 
703=Deploy the Hand 
704=Depravity 
705=Derange 
706=Descent into Darkness 
707=Desert Eagle 
708=Destructive Secrets 
709=Detection 
710=Determine 
711=Deviki Prasanta 
712=Devil-Channel: Back 
713=Devil-Channel: Hands 
714=Devil-Channel: Throat 
715=Devin Bisley 
716=Devyn 
717=D'habi Revenant 
718=Día de los Muertos 
719=The Diamond Thunderbolt 
720=Diana Vick 
721=Didi Meyers 
722=Diego Giovanni 
723=Dieter Kleist 
724=Dimple 
725=Direct Intervention 
726=Dirty Contract 
727=Dirty Little Secrets 
728=Dis Pater 
729=Disarm 
730=Disarming Presence 
731=Discern 
732=Disease 
733=Disengage 
734=Disguised Weapon 
735=Dismemberment of Osiris 
736=Disputed Territory 
737=Dissolution 
738=Distant Friend 
739=Distraction 
740=Dive into Madness 
741=Diversion 
742=Diversity 
743=Divine Image 
744=Divine Sign 
745=Djuhah, The Bronze Bow 
746=Dmitri Borodin 
747=Doctor Streck 
748=Dodd 
749=Dodge 
750=Dog Pack 
751=Dogs of War 
752=Dolie 
753=Dollface 
754=Dolphin Black 
755=Domain Challenge 
756=Domain of Evernight 
757=Dominate Kine 
758=Dominate 
759=Dominion 
760=Dominique 
761=Dominique 
762=Dominique Santo Paulo 
763=Don Cruez, The Idealist 
764=Don Michael Antonio Giovanni 
765=Dónal O'Connor 
766=Donate 
767=Donatello Giovanni 
768=Donatien 
769=Dorian Strack 
770=Doris McMillon 
771=Doyle Fincher 
772=Dr. Allan Woodstock 
773=Dr. Douglas Netchurch 
774=Dr. Jest 
775=Dr. John Casey 
776=Dr. Julius Sutphen 
777=Dr. Julius Sutphen 
778=Dr. Marisa Fletcher, CDC 
779=Dr. Morrow, The Skindoctor 
780=Draba 
781=Dragonbound 
782=Dragon's Breath Rounds 
783=Dragos 
784=Drain Essence 
785=Dramatic Upheaval 
786=Draught of the Soul 
787=Drawing Out the Beast 
788=Dre, Leader of the Cold Dawn 
789=Dread Gaze 
790=Dream World 
791=Dreams of the Sphinx 
792=Drink the Blood of Ahriman 
793=Droescher One-Eye 
794=Drop Point Network 
795=Drum of Xipe Totec 
796=Drusilla Euphemia 
797=Dual Form 
798=Duality 
799=Duck 
800=Duma Rafiki 
801=Dummy Corporation 
802=Durga Syn 
803=Dust to Dust 
804=Dylan 
805=Dylan 
806=Eagle's Sight 
807=Earl 
808=Earl "Shaka74" Deams 
809=Earth Control 
810=Earth-Feeder 
811=Earth Meld 
812=Earth Swords 
813=Earthshock 
814=Ebanezer Roush 
815=Ebony Fox Hunt 
816=Eccentric Billionaire 
817=Echo 
818=Echo of Harmonies 
819=Ecoterrorists 
820=Ecstasy 
821=Ecstatic Agony 
822=Eddie Gaines 
823=Edge Explosion 
824=Edge Vitiation 
825=Edged Illusion 
826=Edith Blount 
827=Edward Neally 
828=Edward Vignes 
829=Effective Management 
830=Effie Lowery 
831=Egothha 
832=Ehrich Weiss 
833=Elder Impersonation 
834=Elder Intervention 
835=Elder Kindred Network 
836=Elder Library 
837=Elder Michaelis's Hold 
838=The Eldest Are Kholo 
839=The Eldest Command Undeath 
840=Eldritch Glimmer 
841=Elemental Stoicism 
842=Elena Gutierrez 
843=Elena Mendoza Vasquez 
844=Elephant Guardian 
845=Elihu 
846=Elimelech the Twice-Damned 
847=Eliott Sinclair, Virtuoso Thespian 
848=Elisabetta Romano 
849=Elizabeth Westcott 
850=Ellen Fence, the Tracker 
851=Ellison Humboldt 
852=Eluding the Arms of Morpheus 
853=Elysian Fields 
854=Elysium: Sforzesco Castle 
855=Elysium: The Arboretum 
856=Elysium: The Palace of Versailles 
857=Ember Wright 
858=The Embrace 
859=Emergency Powers 
860=Emergency Preparations 
861=Emergency Rations 
862=Emerson Bridges 
863=Emerson Wilkershire III 
864=Emissary 
865=Empowering the Puppet King 
866=Enchant Kindred 
867=Enchanted Marionette 
868=Enforcer 
869=Engling Fury 
870=Enhanced Senses 
871=Enid Blount 
872=Enkidu, The Noah 
873=Enrage 
874=Ensemble 
875=Enticement 
876=Entombment 
877=Entrancement 
878=Entrenching 
879=Enzo Giovanni, Pentex Board of Directors 
880=Epiphany 
881=The Erciyes Fragments 
882=Erebus Mask 
883=Eric Kressida 
884=Eric Milliner 
885=Erichtho 
886=Erick "Shophet125" Franco 
887=Erinyi 
888=Ermenegildo, The Rake 
889=Erosion 
890=Eruption of Vitae 
891=Esau 
892=Esbat 
893=Escaped Mental Patient 
894=Esgrima 
895=Esoara 
896=Esteem 
897=The Eternal Mask 
898=Eternal Vigilance 
899=The Eternals of Sirius 
900=Ethan Locke 
901=Etienne Fauberge 
902=Etrius 
903=Eugenio Estevez 
904=Eurayle Gelasia Mylonas 
905=Evan Klein 
906=Evan Rogers 
907=Evangeline 
908=Ex Nihilo 
909=Excellent Thirst 
910=Excommunication 
911=Expiate 
912=Extortion 
913=Extremis Boon 
914=Exuding Blood 
915=Eye of Hazimel 
916=Eye of Unforgiving Heaven 
917=Eyes of Blades 
918=Eyes of Chaos 
919=Eyes of the Dead 
920=Eyes of the Night 
921=Eyes of the Serpent 
922=Eze, The Demon Prince 
923=Ezekiel, Lord of Montreal 
924=Ezmerelda 
925=FBI Special Affairs Division 
926=Fabrizia Contreraz 
927=Faceless Night 
928=Fade from View 
929=Fae Contortion 
930=Fahd al-Zawba'a 
931=Fairuza 
932=Faithful Servant 
933=Fake Out 
934=Falcon's Eye 
935=Falhu Shibaba 
936=Fall of the Camarilla 
937=Fall of the Sabbat 
938=False Resonance 
939=Fame 
940=Fantasy World 
941=Far Fatuus 
942=Far Mastery 
943=Faruq 
944=Fast Hands 
945=Fast Reaction 
946=Fata Amria 
947=Fata Morgana 
948=Father Juan Carlos 
949=Fatima al-Faqadi 
950=Fatuus Mastery 
951=Fear of Mekhet 
952=Fear of the Void Below 
953=Fee Stake: Boston 
954=Fee Stake: Corte 
955=Fee Stake: Los Angeles 
956=Fee Stake: New York 
957=Fee Stake: Perth 
958=Fee Stake: Seattle 
959=Felicia Mostrom 
960=Feline Saboteur 
961=Felix "Fix" Hessian (Wraith) 
962=Femur of Toomler 
963=Feo Ramos 
964=Feral Spirit 
965=Ferox, The Rock Lord 
966=Ferox, The Rock Lord 
967=Ferraille 
968=Festivo dello Estinto 
969=Fetish Club Hunting Ground 
970=Fida'i 
971=Fidus, The Shrunken Beast 
972=Fiendish Tongue 
973=Fifth Tradition: Hospitality 
974=Filchware's Pawn Shop 
975=Fillip 
976=The Final Nights 
977=Finding the Path 
978=Fire Dance 
979=Firebrand 
980=Fire in the Blood 
981=Fire on the Mountain 
982=First Tradition: The Masquerade 
983=Fish 
984=Fists of Death 
985=Flak Jacket 
986=Flamethrower 
987=Flaming Candle 
988=Flash 
989=Flash Grenade 
990=Fleecing the Gaje 
991=Flesh Bond 
992=Fleshcraft 
993=Flesh of Marble 
994=Fleurdumal 
995=Flow Within the Mountain 
996=Flurry of Action 
997=Folderol 
998=Follow the Alpha 
999=Follow the Blood 
1000=Forced Awakening 
1001=Forced March 
1002=Forced Vigilance 
1003=Force of Will 
1004=Forearm Block 
1005=Foresee 
1006=Foreshadowing Destruction 
1007=Forest of Shadows 
1008=Forger's Hammer 
1009=Forgery 
1010=Forgotten Labyrinth 
1011=Form of Corruption 
1012=Form of Mist 
1013=Form of the Ghost 
1014=Form of the Serpent 
1015=Fortitude 
1016=Fortschritt Library 
1017=Fortune Teller 
1018=Fortune Teller Shop 
1019=Foul Blood 
1020=Foundation Exhibit 
1021=Founders of the Ebony Kingdom 
1022=Fourth Tradition: The Accounting 
1023=Fractured Armament 
1024=Fragment of the Book of Nod 
1025=Framing an Ancient Grudge 
1026=Francesca Giovanni 
1027=Francis Milliner 
1028=Francisco Domingo de Polonia 
1029=Franciscus 
1030=François Villon 
1031=François "Warden" Loehr 
1032=Frank Litzpar 
1033=Freak Drive 
1034=Frederick the Weak 
1035=Free Fight 
1036=Free States Rant 
1037=Frenzy 
1038=Frère Marc 
1039=Friend of Mine 
1040=From a Sinking Ship 
1041=Frondator 
1042=Frontal Assault 
1043=Frozen Object 
1044=Fueled by Heart's Blood 
1045=Gabriel de Cambrai 
1046=Gabrin 
1047=Gaël Pilet 
1048=Galaric's Legacy 
1049=Gambit Accepted 
1050=Game of Malkav 
1051=Games of Instinct 
1052=Ganesh 
1053=Gang Tactics 
1054=Gang Territory 
1055=Gangrel Atavism 
1056=Gangrel Conspiracy 
1057=Gangrel Justicar 
1058=Gangrel Revel 
1059=Ganhuru 
1060=Gargoyle Slave 
1061=Garrote 
1062=Gas-Powered Chainsaw 
1063=Gaspare Giovanni 
1064=Gather 
1065=Gatjil Munyarryun 
1066=Gear Up 
1067=Gemini 
1068=Gemini's Mirror 
1069=General Perfidio Díos 
1070=Genevieve 
1071=Gengis 
1072=Genina, The Red Poet 
1073=Gentha Shale 
1074=George Frederick 
1075=Gerard 
1076=Gerard Rafin 
1077=Gestalt 
1078=Gharston Roland 
1079=Ghivran Dalaal, The Dead God 
1080=Ghost-Eater 
1081=Ghoul Escort 
1082=Ghoul Messenger 
1083=Ghoul Retainer 
1084=Ghouled 
1085=Ghouled Street Thug 
1086=The Ghouls of Plaza Morería 
1087=Giangaleazzo, The Traitor 
1088=Gianmaria Giovanni 
1089=Giant's Blood 
1090=Gideon Fontaine 
1091=Gift of Bellona 
1092=Gift of Experience 
1093=Gilbert Duane 
1094=Gillespi Giovanni 
1095=Gillian Krader 
1096=Giotto Verducci 
1097=Giovanni Acceptance 
1098=Giovanni Discrimination 
1099=Giovanni del Georgio 
1100=Gird Minions 
1101=Gisela Harden, The Winnower 
1102=Gitane St. Claire 
1103=Giuliano Vincenzi 
1104=Giuseppe, Gravedigger 
1105=Glancing Blow 
1106=Glare of Lies 
1107=Glaser Rounds 
1108=Glass Walker Pact 
1109=Gleam of Red Eyes 
1110=Gloria Giovanni 
1111=Glutton 
1112=Go Anarch 
1113=Goblinism 
1114=Golconda: Inner Peace 
1115=Goodnight, Sweet Prince 
1116=Goratrix 
1117=Goratrix 
1118=Goth Band 
1119=Govern the Unaligned 
1120=Gracis Nostinus 
1121=Gramle 
1122=Gran Madre di Dio, Italy 
1123=Grand Temple of Set 
1124=The Grandest Trick 
1125=Grasp of the Python 
1126=Grasp the Ghostly 
1127=Gratiano 
1128=Graverobbing 
1129=Gravitnir 
1130=Greensleeves 
1131=Greger Anderssen 
1132=Gregory Winter 
1133=Grenade 
1134=Grendel the Worm-Eaten 
1135=Greta Kircher 
1136=Grooming the Protégé 
1137=Groundfighting 
1138=Growing Fury 
1139=Gualtiero Ghiberti 
1140=Guard Dogs 
1141=Guard Duty 
1142=Guarded Rubrics 
1143=Guardian Angel 
1144=Guardian Ghoul 
1145=Guedado 
1146=Guido Lucciano 
1147=Guillaume Giovanni 
1148=Guillermo Arsuaga 
1149=Gunther, Beast Lord 
1150=Gurchon Hall 
1151=Guru 
1152=The Guruhi Are the Land 
1153=Guruhi Kholo 
1154=Gustav Mallenhous 
1155=Gustavo Morales 
1156=Gwen Brand 
1157=Gwendolyn 
1158=Gypsies 
1159=Haakon Mortensen 
1160=Hadrian Garrick 
1161=Hafsa, The Watcher 
1162=Hagar Stone 
1163=Hag's Wrinkles 
1164=Halim Bey 
1165=Hall of Hades' Court 
1166=Hand Contract 
1167=Hand Intervention 
1168=Hand of Conrad 
1169=Hanging Fermata 
1170=Hanna Redmonds 
1171=Hannibal 
1172=Hannibal 
1173=Hannigan 
1174=Haqim's Law: Judgment 
1175=Haqim's Law: Leadership 
1176=Harass 
1177=Hard Case 
1178=Harika Guljan 
1179=Harold Zettler, Pentex Director 
1180=Harrod 
1181=Harry Reese 
1182=Hartmut Stover 
1183=Harvest Rites 
1184=Harzomatuili 
1185=Hasani 
1186=Hasina Kesi 
1187=Hatchling 
1188=Haunt 
1189=The Haunting 
1190=Haven Affinity 
1191=Haven Uncovered 
1192=Hawg 
1193=Haymaker 
1194=Hazimel 
1195=Healing Touch 
1196=Heartblood of the Clan 
1197=Heart of Darkness 
1198=Heart of Nizchetus 
1199=Heart of the City 
1200=Heart's Desire 
1201=Heather Florent, The Opportunist 
1202=Heaven's Gate 
1203=Hector Sosa 
1204=Hector Trelane 
1205=Heidelberg Castle, Germany 
1206=Heinrick Schlempt 
1207=Hektor 
1208=Helena 
1209=Helena 
1210=Helena Casimir 
1211=Helicopter 
1212=Hellhound 
1213=Henri Lavenant 
1214=Henry Taylor 
1215=Herald of Topheth 
1216=Hermana Hambrienta Mayor 
1217=Hermana Hambrienta Menor 
1218=Hesha Ruhadze 
1219=Hester Reed 
1220=Hexaped 
1221=Hezekiah Rutledge 
1222=Hidden Lurker 
1223=Hidden Pathways 
1224=Hidden Strength 
1225=Hide 
1226=Hide the Mind 
1227=Hierophant 
1228=High Aye 
1229=High Ground 
1230=High Museum of Art, Atlanta 
1231=High Orun 
1232=High Priest Angra Mainyu 
1233=High Stakes 
1234=High Top 
1235=Highway Haven: RV 
1236=Homa 
1237=Homunculus 
1238=Honorine Ateba 
1239=Honor the Elders 
1240=Horatio 
1241=Horatio Ballard 
1242=Horrid Form 
1243=Horrid Reality 
1244=Horrific Countenance 
1245=Horrock 
1246=Hospital Food 
1247=Hostile Takeover 
1248=Houngan 
1249=Hourglass of the Mind 
1250=Howler 
1251=Hrothulf 
1252=Huang, Blood Cultist 
1253=Hugo 
1254=Huitzilopochtli 
1255=Hukros 
1256=Humanitas 
1257=Humo 
1258=The Hungry Coyote 
1259=The Hunt Club 
1260=Husamettin 
1261=IR Goggles 
1262=Ian Forestal 
1263=Ian Wallingford 
1264=Ibn Khaldun, Scholar 
1265=Icarus, The Manchurian 
1266=Idalia, Prophet of Guadalajara 
1267=Idrissa 
1268=Ignacio, The Black Priest 
1269=Ignatius 
1270=Ignazio Giovanni 
1271=Ignis Fatuus 
1272=Ignore the Searing Flames 
1273=Igoli's Loyalty 
1274=Igo the Hungry 
1275=Iliana 
1276=Ilias cel Frumos 
1277=Illegal Search and Seizure 
1278=Illuminate 
1279=Illusions of the Kindred 
1280=Ilse 
1281=Ilyana Ravidovich 
1282=Immaculate Vitae 
1283=Immense Size 
1284=Immortal Grapple 
1285=Imogen 
1286=Imperial Decree 
1287=Imposing Phantasm 
1288=Imprison 
1289=Improvised Flamethrower 
1290=Improvised Tactics 
1291=Inbase Discotek, Frankfurt 
1292=Inconnu Tutelage 
1293=Increased Strength 
1294=Incriminating Videotape 
1295=Indomitability 
1296=Inez "Nurse216" Villagrande 
1297=Infamous Warlock 
1298=Infection 
1299=Infernal Familiar 
1300=Infernal Pact 
1301=Infernal Pursuit 
1302=Inflict 
1303=Informant 
1304=Information Highway 
1305=Information Network 
1306=Ingram Frizer 
1307=Ingrid Rossler 
1308=Ingrid Russo 
1309=Iniko, The Black Lion 
1310=Inner Essence 
1311=Innocent Bystander 
1312=Inquisition 
1313=Inscription 
1314=Inspire 
1315=Inspire Greatness 
1316=Instability 
1317=Instinctive Reaction 
1318=Institution Hunting Ground 
1319=Insurance Scam 
1320=Internal Recursion 
1321=Intimidation 
1322=Intisar 
1323=Into Thin Air 
1324=Into the Fire 
1325=Inveraray, Scotland 
1326=Investiture 
1327=Invitation Accepted 
1328=Invoking the Beast 
1329=Ira Rivers 
1330=Iron Glare 
1331=Iron Heart 
1332=Irregular Protocol 
1333=Isabel Giovanni 
1334=Isabel de Leon 
1335=Ishtarri Kholo 
1336=Island of Yiaros 
1337=Ismitta 
1338=Isouda de Blaise 
1339=Itzahk Levine 
1340=Ivan Krenyenko 
1341=Ivory Bow 
1342=Izhim abd Azrael 
1343=J. Oswald "Ozzy" Hyde-White 
1344=J. S. Simmons, Esq. 
1345=Jack 
1346=Jack Dawson 
1347=Jack Dawson 
1348=Jack "Hannibal137" Harmon 
1349=Jackal 
1350=Jackie 
1351=Jackie Therman 
1352=Jacko 
1353=Jack of Both Sides 
1354=Jacob Bragg 
1355=Jacob, The Glitch 
1356=Jacques Molay 
1357=Jaggedy Andy 
1358=Jake Washington (Hunter) 
1359=Jalal Sayad 
1360=Jalan-Aajav 
1361=Jamal 
1362=Jan Pieterzoon 
1363=Jan Pieterzoon 
1364=Jane Sims 
1365=Janey Pickman 
1366=Janine 
1367=Janni 
1368=Jara Drory 
1369=Jaroslav Pascek 
1370=Jar the Soul 
1371=Jason, The World's Voice 
1372=Javier Montoya 
1373=Jayakumar 
1374=Jayne Jonestown 
1375=Jazz Wentworth 
1376=Jefferson Foster 
1377=Jeffrey Mullins 
1378=Jennie "Cassie247" Orne 
1379=Jennifer "Flame61" Vidisania 
1380=Jephta Hester 
1381=Jeremiah Noble 
1382=Jeremy MacNeil 
1383=Jeremy MacNeil 
1384=Jeremy Talbot 
1385=Jericho Founding 
1386=Jerry 
1387=Jesús Alcalá 
1388=Jesse Menks 
1389=Jessica 
1390=Jessica 
1391=Jezebelle 
1392=Jibade el-Bahrawi 
1393=Jimmy Dunn 
1394=Jing Wei 
1395=Joaquin Murietta 
1396=Joaquina Amaya 
1397=Joe "Boot" Hill 
1398=Johann Matheson 
1399=John "Cop90" O'Malley 
1400=John Paleologus 
1401=Jonathan Gursel 
1402=The Jones 
1403=Jorge De La Muerte, The Agent 
1404=Josef 
1405=Joseph Cambridge 
1406=Joseph O'Grady 
1407=Joseph Pander 
1408=Joshua Tarnopolski 
1409=Jost Werner 
1410=Juan Cali 
1411=Juanita Santiago 
1412=Jubal 
1413=Judah 
1414=Judgment: Camarilla Segregation 
1415=Judgment: Death to the Brujah! 
1416=Juggler 
1417=Julia Prima 
1418=Julian Sanders 
1419=Julio Martinez 
1420=Julius 
1421=Jungle Hunting Ground 
1422=Justicar Retribution 
1423=Justine Chen, Innocent 
1424=Justine, Elder of Dallas 
1425=KRCG News Radio 
1426=Kabede Maru 
1427=Kahina the Sorceress 
1428=Kai Simmons 
1429=Kalinda 
1430=Kali's Fang 
1431=Kallista, Master Sculptor 
1432=Kamaria 
1433=Kamau Jafari 
1434=Kamiri wa Itherero 
1435=Kanimana Belghazi 
1436=Kanya Akhtar 
1437=Karavalanisha Vrana 
1438=Karl 
1439=Karsh 
1440=Kashan 
1441=Kassiym Malikhair 
1442=Katarina 
1443=Katarina Kornfeld 
1444=Katherine Stoddard 
1445=Kay Polerno 
1446=Kaymakli Barrier 
1447=Kaymakli Nightmares 
1448=Kazimir Savostin 
1449=Kduva's Mask 
1450=Keep it Simple 
1451=Keith Moody 
1452=Kemintiri 
1453=Kemintiri 
1454=Kendrick 
1455=Kenyatta 
1456=Kephamos, High Priest of Marrakech 
1457=Kerrie 
1458=Kervos, The Lieutenant 
1459=Kestrelle Hayes 
1460=The Khabar: Community 
1461=Khabar: Glory 
1462=The Khabar: Honor 
1463=Khabar: Loyalty 
1464=Khalid 
1465=Khalil Anvari 
1466=Khalil Ravana 
1467=Khalu 
1468=Khay'tall, Snake of Eden 
1469=Khazar's Diary (Endless Night) 
1470=Kherebutu (Bane Mummy) 
1471=Khobar Towers, Al-Khubar 
1472=Kij Dansky 
1473=The Kikiyaon 
1474=Kindred Coercion 
1475=Kindred Intelligence 
1476=Kindred Manipulation 
1477=Kindred Restructure 
1478=Kindred Segregation 
1479=Kindred Society Games 
1480=Kindred Spirits 
1481=Kine Resources Contested 
1482=King of the Mountain 
1483=King's Favor 
1484=King's Rising 
1485=Kingston Penitentiary, Ontario 
1486=Kiradin 
1487=Kisha Bhimji 
1488=Kiss of Lachesis 
1489=The Kiss of Ra 
1490=Kite 
1491=Klaus Konrecht 
1492=Klaus van der Veken 
1493=The Knights 
1494=KoKo 
1495=Konrad Fleischer 
1496=Korah 
1497=Kostantin, Baro of the Caravan 
1498=Kpist m/45 
1499=Kraken's Kiss 
1500=Krassimir 
1501=Krid 
1502=Kumpania 
1503=Kurt Densch 
1504=Kurt Strauss 
1505=Kyle Strathcona, Cardinal of Canada 
1506=Kyoko Shinsegawa 
1507=L'Epuisette 
1508=The Labyrinth 
1509=Lachlan, Noddist 
1510=Ladislas Toth, The Torch 
1511=Lady Constancia 
1512=Lady Zara Slatikov 
1513=Laika 
1514=Lalitha 
1515=Lambach 
1516=Lambach 
1517=Lana Butcher 
1518=Langa 
1519=Lapse 
1520=Laptop Computer 
1521=Larry 
1522=Last Stand 
1523=Laszlo Mirac 
1524=Laurent de Valois 
1525=Layla bint-Nadr 
1526=Lázár Dobrescu 
1527=Lazarene Inquisitor 
1528=Lazarus 
1529=Lazarus 
1530=Lazarus James 
1531=Lazverinus, Thrall of Lambach 
1532=Le Dinh Tho 
1533=Leadership Vacuum 
1534=Leaf "Potter116" Pankowski 
1535=Leandro 
1536=Leapfrog 
1537=Learjet 
1538=Leather Jacket 
1539=Leathery Hide 
1540=Lectora 
1541=Left for Dead 
1542=Legacy of Caine 
1543=Legacy of Pander 
1544=Legacy of Power 
1545=Legal Manipulations 
1546=Legendary Vampire 
1547=Legend of the Leopard 
1548=Legion 
1549=Legwork 
1550=Leila Monroe 
1551=Lena Rowe 
1552=Leo Washington 
1553=Leon 
1554=Leonardo, Mortician 
1555=Lernean 
1556=Lesser Boon 
1557=Lessons in the Steel 
1558=Letter from Vienna 
1559=Leverage 
1560=Lextalionis 
1561=Lia Milliner 
1562=Liberty Club Intrigue 
1563=Library Hunting Ground 
1564=Life Boon 
1565=Life in the City 
1566=Lifeless Tongues 
1567=Lightning Reflexes 
1568=Lille Haake 
1569=Liquefy the Mortal Coil 
1570=Liquidation 
1571=Lisa Noble 
1572=Lisette Vizquel 
1573=Lithrac 
1574=Little Mountain Cemetery 
1575=Little Tailor of Prague 
1576=Little Willie 
1577=Living Manse 
1578=Living Wood Staff 
1579=Liz "Ticket312" Thornton 
1580=Lizette 
1581=Lobotomy 
1582=Local 1111 
1583=Lock 
1584=Lolita 
1585=Lolita Houston 
1586=London Evening Star, Tabloid Newspaper 
1587=Loner 
1588=Loonar 
1589=Loose Cannon 
1590=Lord Aaron Wesley Wilkshire 
1591=Lord Ashton 
1592=Lord Vauxhall 
1593=Lorenzo Detuono 
1594=Lorrie Dunsirn 
1595=Loss 
1596=Lost in Crowds 
1597=Lost in Translation 
1598=Louhi 
1599=Louis de Maisonneuve 
1600=The Louvre, Paris 
1601=Loyal Street Gang 
1602=Loyalist 
1603=Lubomira Hradok 
1604=Luc 
1605=Luca Italicus 
1606=Lucas Halton 
1607=Luccia Paciola 
1608=Lucian 
1609=Lucina 
1610=Lucinde, Alastor 
1611=Lucita 
1612=Lucita 
1613=Lucky Blow 
1614=Lucretia, Cess Queen 
1615=Lucubratio 
1616=Lucy Markowitz 
1617=Lukas 
1618=Luke Fellows 
1619=Lula Burch 
1620=Luma, Stone Beauty 
1621=Lumumba 
1622=Luna Giovanni 
1623=Lunatic Eruption 
1624=Lupe "Cabbie22" Droin 
1625=Lupine Assault 
1626=Lupo 
1627=Lure of the Serpent 
1628=Luther 
1629=Lydia Van Cuelen 
1630=Lyndhurst Estate, New York 
1631=Maabara 
1632=Machine Blitz 
1633=Macoute 
1634=Madame Guil 
1635=Madman's Quill 
1636=Madness Network 
1637=Madness of the Bard 
1638=Madrigal 
1639=Magazine 
1640=Magdelena Schaefer 
1641=Magic of the Smith 
1642=Majesty 
1643=Major Boon 
1644=Makarios, The Seducer 
1645=Malabranca 
1646=Malajit Chandramouli 
1647=Maldavis 
1648=Malgorzata 
1649=Malkavian Dementia 
1650=Malkavian Derangement: Alternate Personality 
1651=Malkavian Derangement: Paranoia 
1652=Malkavian Game 
1653=Malkavian Justicar 
1654=Malkavian Prank 
1655=Malkavian Rider Clause 
1656=The Malkavian Seven Miseries 
1657=Malkavian Time Auction 
1658=Malleable Visage 
1659=Maman Boumba 
1660=Manstopper Rounds 
1661=Mantle of the Bestial Majesty 
1662=Mantle of the Moon 
1663=Marcel de Breau 
1664=Marcellus 
1665=March Halcyon 
1666=Marcia Felicia Licinia 
1667=Marciana Giovanni, Investigator 
1668=Marconius 
1669=Marcus Vitel 
1670=Marcus Vitel 
1671=Margaret Milliner 
1672=Margarite 
1673=Marge Khan 
1674=Maria Stone 
1675=Maria Stone 
1676=Mariana Gilbert 
1677=Marianna 
1678=Mariano Pomposo 
1679=Marie Faucigny 
1680=Mariel, Lady Thunder 
1681=Mariel St. John 
1682=Marijava Ghoul 
1683=Marijava Thuggee 
1684=Marino Reymundo Vásquez 
1685=Mario Giovanni 
1686=Marion French 
1687=Marion "Teacher193" Perks 
1688=Maris Streck 
1689=Mark 
1690=Mark V 
1691=Marked Path 
1692=Market Square 
1693=Mark of Damnation 
1694=Mark of the Damned 
1695=Marla Kenyon 
1696=Marlena 
1697=Marlene, The Infernalist 
1698=Marta 
1699=Marthe Dizier 
1700=Martial Ritus 
1701=Martin Franckel 
1702=Martinelli's Ring 
1703=Marty Lechtansi 
1704=Martyr's Resilience 
1705=Mary Johnson 
1706=Mary the Black 
1707=Masai Blood Milk 
1708=Masika 
1709=Masika St. John 
1710=Mask Empathy 
1711=Maskini 
1712=Mask of a Thousand Faces 
1713=Masochism 
1714=Masque of Judas 
1715=Masquer (Wraith) 
1716=Masquerade Endangered 
1717=Masquerade Enforcement 
1718=Mass Reality 
1719=Massassi 
1720=Massassi's Honor 
1721=Mata Hari 
1722=Matata 
1723=Mateusz Gryzbowsky 
1724=Matteus, Flesh Sculptor 
1725=Matthew Romans 
1726=Matthias 
1727=Maureen, Dark Priestess 
1728=The Mausoleum, Venice 
1729=Max Lowell 
1730=Maxwell 
1731=Mayaparisatya 
1732=Mazz 
1733=Mbare Market, Harare 
1734=Meat Cleaver 
1735=Meat Hook 
1736=The Meddling of Semsith 
1737=Media Influence 
1738=Mehemet of the Ahl-i-Batin (Mage) 
1739=Melange 
1740=Meld with the Land 
1741=Melek 
1742=Melinda Galbraith 
1743=Melinda Galbraith 
1744=Melisande 
1745=Melissa Barton 
1746=Memories of Mortality 
1747=Memory's Fading Glimpse 
1748=Menele 
1749=Meno Ngari 
1750=Mental Maze 
1751=Mercury's Arrow 
1752=Mercy, Knight Inquisitor 
1753=Mercy for Seth 
1754=Mercy for the Weak 
1755=Merrill Molitor 
1756=Meshenka 
1757=Mesmerize 
1758=Mesu Bedshet 
1759=Metro Underground 
1760=Michael Luther 
1761=Michael diCarlo 
1762=Midget 
1763=Might of the Camarilla 
1764=Mighty Grapple 
1765=Miguel Santo Domingo 
1766=Miller Delmardigan, Teacher of Bahari 
1767=Millicent Smith, Puritan Vampire Hunter 
1768=Milo, The Invisible Horror 
1769=Mina Grotius 
1770=Mind Numb 
1771=Mind Rape 
1772=Mind Tricks 
1773=Mind of a Child 
1774=Mind of a Killer 
1775=Minion Tap 
1776=Ministry 
1777=Minor Boon 
1778=Minor Irritation 
1779=Miranda Sanova 
1780=Mirembe Kabbada 
1781=Miriam Benyona 
1782=Mirror Image 
1783=Mirror Walk 
1784=Mirror's Visage 
1785=Misdirection 
1786=Misrak 
1787=The Missing Voice 
1788=Mistaken Identity 
1789=Mistrust 
1790=Mitchell, The Headhunter 
1791=Mitru the Hunter 
1792=Mob Connections 
1793=Mob Rule 
1794=Moise Kasavubu 
1795=Mokolé Blood 
1796=The Mole 
1797=Molotov Cocktail 
1798=Momentum's Edge 
1799=Monique 
1800=Monique Kim 
1801=Monocle of Clarity 
1802=Monomancy 
1803=Monster 
1804=Monty Coven 
1805=Morgue Hunting Ground 
1806=Morrow the Sage 
1807=Mosfair 
1808=Mouse 
1809=Movement of the Mind 
1810=Movement of the Slow Body 
1811=Mowgli 
1812=Mozambique Allure 
1813=Mr. Noir 
1814=Mr. Winthrop 
1815=Muaziz, Archon of Ulugh Beg 
1816=Muddled Vampire Hunter 
1817=Mugur Sabau 
1818=Muhandis 
1819=Muhsin Samir 
1820=Mukhtar Bey 
1821=Mummify 
1822=Mummy's Tongue 
1823=Murat 
1824=Murder of Crows 
1825=Muricia 
1826=Muricia's Call 
1827=Muriel Foucade 
1828=Murmur of the False Will 
1829=Muse 
1830=Muse of Flame 
1831=Mustafa Rahman 
1832=Mustafa, The Heir 
1833=Mustajib 
1834=My Enemy's Enemy 
1835=Mylan Horseed (Goblin) 
1836=Mythic Form 
1837=NRA PAC 
1838=NSA Trio 
1839=Nadima 
1840=Nahir 
1841=Nails 
1842=Nakhthorheb 
1843=Nakova, Advocate of Golconda 
1844=The Name Forgotten 
1845=Nangila Were 
1846=Narrow Minds 
1847=Natalia 
1848=Natasha Volfchek 
1849=National Guard Support 
1850=Navar McClaren 
1851=Necromancy 
1852=Nedal, The Careless 
1853=Neel Ramanathan 
1854=Nefertiti 
1855=Neferu 
1856=Nehemiah 
1857=Nehsi 
1858=Neighbor John 
1859=Neighborhood Watch Commander (Hunter) 
1860=Nepata 
1861=Nephandus (Mage) 
1862=Nephren-Ka 
1863=Nergal 
1864=Nergal 
1865=Nest of Eagles 
1866=Nettie Hale 
1867=Neutral Guard 
1868=The New Inquisition 
1869=New Management 
1870=New in Town 
1871=Nicholas Chang 
1872=Nickolai, The Survivor 
1873=Nigel the Shunned 
1874=Night Moves 
1875=Nightmare Curse 
1876=Nightmares upon Nightmares 
1877=Nightshades 
1878=Nightstick 
1879=Nik 
1880=Nikolaus Vermeulen 
1881=Nimble Feet 
1882=Nizzam al-Latif 
1883=Nkechi 
1884=Nkule Galadima 
1885=No Secrets From the Magaji 
1886=Nocturn 
1887=Nod 
1888=Normal 
1889=Nose of the Hound 
1890=Nosferatu Bestial 
1891=Nosferatu Hosting 
1892=Nosferatu Justicar 
1893=Nosferatu Kingdom 
1894=Nosferatu Performance Art 
1895=Nosferatu Putrescence 
1896=Nostoket 
1897=Notorious Brutality 
1898=Not to Be 
1899=Nu, The Pillar 
1900=Nunzio Giovanni 
1901=Oath of Loyalty 
1902=Obedience 
1903=Obfuscate 
1904=Obsession 
1905=Obsidian 
1906=Obtenebration 
1907=Occlusion 
1908=Octopod 
1909=Of Noble Blood 
1910=Ogwon 
1911=Ohanna 
1912=Ohoyo Hopoksia (Bastet) 
1913=Old Neddacka 
1914=Olga Triminov 
1915=Oliver Thrace 
1916=Olivia 
1917=Olugbenga 
1918=Omael Kuman 
1919=Omaya 
1920=Omme Enberbenight 
1921=Onaedo 
1922=Ondine "Boudicca" Sinclair 
1923=On the Qui Vive 
1924=Open Dossier 
1925=Open Grate 
1926=Opium Den 
1927=Orb of Ulain 
1928=Order of Hermes Cabal 
1929=Orgy of Blood 
1930=Orlando Oriundus 
1931=Orun 
1932=Osebo Kholo 
1933=Ossian 
1934=Otieno 
1935=Oubliette 
1936=Outcast Mage 
1937=Out of Control 
1938=Out of the Frying Pan 
1939=Overseer 
1940=Owain Evans, The Wanderer 
1941=Owl Companion 
1942=Ox, Viceroy of the Hollows 
1943=Oxford University, England 
1944=Ozmo 
1945=Pack Alpha 
1946=Pack Tactics 
1947=Palace Hunting Ground 
1948=Palatial Estate 
1949=Palla Grande 
1950=Panacea 
1951=Panagos Levidis 
1952=Pandora's Whisper 
1953=Panya, The Wicked 
1954=Paolo Sardenzo 
1955=Papa Legba 
1956=Paragon 
1957=Pariah 
1958=Paris Opera House 
1959=Parity Shift 
1960=Park Hunting Ground 
1961=Parmenides 
1962=Parnassus 
1963=The Parthenon 
1964=Passion 
1965=Patagia: Flaps Allowing Limited Flight 
1966=The Path of Blood 
1967=The Path of Bone 
1968=Path of Death and the Soul 
1969=Path of Evil Revelations 
1970=The Path of Lilith 
1971=The Path of Metamorphosis 
1972=The Path of Night 
1973=The Path of Paradox 
1974=The Path of Retribution 
1975=The Path of Tears 
1976=The Path of Typhon 
1977=The Path of the Feral Heart 
1978=The Path of the Scorched Heart 
1979=Path of the Void 
1980=Patrick 
1981=Patrizia Giovanni, Collector of Secrets 
1982=Patrol 
1983=Patronage 
1984=Patshiv 
1985=Patterns in the Chaos 
1986=Paul Cordwood 
1987=Paul DiCarlo, The Alpha 
1988=Paul Forrest, False Prophet 
1989=Paul "Sixofswords29" Moreton 
1990=Paulo de Castille 
1991=Peace Treaty 
1992=Peacemaker 
1993=The Peace of Khetamon 
1994=Pedro Cortez 
1995=Pentex(TM) Loves You! 
1996=Pentex(TM) Subversion 
1997=Pentweret 
1998=Pere Lachaise, France 
1999=Perfect Clarity 
2000=Perfectionist 
2001=Permanency 
2002=Permanent Vacation 
2003=Perpetual Care 
2004=Persephone Tar-Anis 
2005=Persia, The Beautiful Statue 
2006=Persistent Echo 
2007=Personal Involvement 
2008=Personal Scourge 
2009=Petaniqua 
2010=Petaniqua 
2011=Peter Blaine 
2012=Peter "Outback295" Rophail 
2013=Petra 
2014=Petra Resonance 
2015=Petru Sipos 
2016=Phaedyme 
2017=Phagian 
2018=Phantom Speaker 
2019=Phased Motion Detector 
2020=Pherydima 
2021=Phillipe Rigaud 
2022=Phobia 
2023=Pier 13, Port of Baltimore 
2024=Pieter 
2025=Pieter van Dorn 
2026=Piotr Andreikov 
2027=Plasmic Form 
2028=Playing for Keeps 
2029=Pochtli 
2030=Poison Pill 
2031=Poison the Well of Life 
2032=Poker 
2033=Polaris Coach 
2034=Police Department 
2035=Political Ally 
2036=Political Antagonist 
2037=Political Backlash 
2038=Political Flux 
2039=Political Hunting Ground 
2040=Political Seizure 
2041=Political Stranglehold 
2042=Political Struggle 
2043=Polly Kay Fisher 
2044=Porphyrion 
2045=Port Authority 
2046=Port Hunting Ground 
2047=The Portrait 
2048=Possession 
2049=Potence 
2050=Pounce 
2051=Powder of Rigidity 
2052=Power Structure 
2053=Powerbase: Barranquilla 
2054=Powerbase: Berlin 
2055=Powerbase: Cape Verde 
2056=Powerbase: Chicago 
2057=Powerbase: Los Angeles 
2058=Powerbase: Madrid 
2059=Powerbase: Mexico City 
2060=Powerbase: Montreal 
2061=Powerbase: New York 
2062=Powerbase: Rome 
2063=Powerbase: Savannah 
2064=Powerbase: Tshwane 
2065=Powerbase: Washington, D.C. 
2066=Powerbase: Zürich 
2067=Praetorian Backer 
2068=Praxis Seizure: Amsterdam 
2069=Praxis Seizure: Athens 
2070=Praxis Seizure: Atlanta 
2071=Praxis Seizure: Barcelona 
2072=Praxis Seizure: Berlin 
2073=Praxis Seizure: Boston 
2074=Praxis Seizure: Brussels 
2075=Praxis Seizure: Cairo 
2076=Praxis Seizure: Chicago 
2077=Praxis Seizure: Cleveland 
2078=Praxis Seizure: Dallas 
2079=Praxis Seizure: Dublin 
2080=Praxis Seizure: Frankfurt 
2081=Praxis Seizure: Geneva 
2082=Praxis Seizure: Glasgow 
2083=Praxis Seizure: Houston 
2084=Praxis Seizure: Istanbul 
2085=Praxis Seizure: London 
2086=Praxis Seizure: Miami 
2087=Praxis Seizure: Monaco 
2088=Praxis Seizure: Paris 
2089=Praxis Seizure: Rome 
2090=Praxis Seizure: Seattle 
2091=Praxis Seizure: Stockholm 
2092=Praxis Seizure: Venice 
2093=Praxis Seizure: Washington, D.C. 
2094=Praxis Solomon 
2095=Precision 
2096=Precognition 
2097=Precognizant Mobility 
2098=Predator's Communion 
2099=Predator's Mastery 
2100=Predator's Transformation 
2101=Prejudice 
2102=Presence 
2103=Preternatural Evasion 
2104=Preternatural Strength 
2105=Priestess of Sekhmet 
2106=Primal Instincts 
2107=Primo Giovanni 
2108=Principia Discordia 
2109=Priority Shift 
2110=Prison of the Mind 
2111=Private Audience 
2112=Procurer 
2113=Project 
2114=Projectile 
2115=Promise of 1528 
2116=Propaganda 
2117=Prophecies of Gehenna 
2118=Protean 
2119=Protect Thine Own 
2120=Protected Resources 
2121=Protracted Investment 
2122=Provision of the Silsila 
2123=Proxy Kissed 
2124=Pseudo-Blindness 
2125=Psyche! 
2126=Psychic Assault 
2127=Psychic Projection 
2128=Psychic Veil 
2129=Psychomachia 
2130=Public Trust 
2131=Pug Jackson 
2132=Pugfar 
2133=Pulled Fangs 
2134=Pulling Strings 
2135=Pulse of the Canaille 
2136=Punish 
2137=Puppeteer (Wraith) 
2138=Purchase Pact 
2139=Purification 
2140=Purity of the Beast 
2141=Pursuit 
2142=Pushing the Limit 
2143=Putrefaction 
2144=Putrescent Servitude 
2145=Qadir ul-Ghani 
2146=Qetu the Evil Doer (Bane Mummy) 
2147=Queen Anne 
2148=Quentin 
2149=Quentin King III 
2150=Quentin King III 
2151=Qufur am-Heru 
2152=Quick Exit 
2153=Quick Jab 
2154=Quick Meld 
2155=Quicken Sight 
2156=Quickness 
2157=Quicksilver Contemplation 
2158=Quietus 
2159=Quincy, The Trapper 
2160=Quinton McDonnell 
2161=Quira, The Bitch Queen 
2162=RPG Launcher 
2163=Rabbat, The Sewer Goddess 
2164=Rabble Razing 
2165=Rachel Brandywine 
2166=The Rack 
2167=Radeyah 
2168=Radu Bistri 
2169=Rafaele Giovanni 
2170=Rafastio Ghoul 
2171=Raful al-Zarqa 
2172=Rain 
2173=Rake 
2174=Raking Talons 
2175=Ramiel DuPre 
2176=Ramiro 
2177=Ramona 
2178=Ramona 
2179=Rampage 
2180=Randel, The Coward 
2181=Random Patterns 
2182=Ranjan Rishi, Camarilla Scholar 
2183=Ransam, The Old Man 
2184=Rant! 
2185=Raphael Catarari 
2186=Raphaela Giovanni 
2187=Rapid Change 
2188=Rapid Healing 
2189=Rapid Thought 
2190=Raptor 
2191=Rashid Stockton 
2192=Rashiel 
2193=Rastacourere 
2194=Rat's Warning 
2195=Rave 
2196=Raven Spy 
2197=Ravnos Acceptance 
2198=Ravnos Cache 
2199=Ravnos Carnival 
2200=Rayzeel's Song 
2201=Raziya Samater 
2202=Razor Bat 
2203=React with Conviction 
2204=Read Intentions 
2205=Read the Winds 
2206=Reality 
2207=Reality Mirror 
2208=The Realm of the Black Sun 
2209=Reanimated Corpse 
2210=Rebekka, Chantry Elder of Munich 
2211=Rebel 
2212=Rebirth 
2213=Recalled to the Founder 
2214=Reckless Agitation 
2215=Recruiting Party 
2216=Recruitment 
2217=Recure of the Homeland 
2218=Recurring Contemplation 
2219=Red Herring 
2220=Red List 
2221=Redbone McCray 
2222=Redcap Wilder 
2223=Redeem the Lost Soul 
2224=Redirection 
2225=Redistribution 
2226=Redline 
2227=Reform Body 
2228=Reformation 
2229=Reg Driscoll 
2230=Regaining the Upper Hand 
2231=Regarhagan's Hold 
2232=Regeneration 
2233=Regenerative Blood 
2234=Regent 
2235=Regilio, The Seeker of Akhenaten 
2236=Regina Giovanni, The Right Hand of Augustus 
2237=Reindoctrination 
2238=Reinforcements 
2239=Reins of Power 
2240=Rejuvenate 
2241=Release of the Shackled Soul 
2242=Relentless Pursuit 
2243=Reliquary: Akunanse Remains 
2244=Reliquary: Biague 
2245=Reliquary: Shango Remains 
2246=Remilliard, Devout Crusader 
2247=Remover 
2248=Renegade Garou 
2249=Renenet 
2250=Renewed Vigor 
2251=Repo Man 
2252=Repulsion 
2253=Resilience 
2254=Resilient Mind 
2255=Resist Earth's Grasp 
2256=Respire 
2257=Resplendent Protector 
2258=Restoration 
2259=Restricted Vitae 
2260=Restructure 
2261=Resume the Coil 
2262=Resurrection 
2263=Retain the Quick Blood 
2264=Retribution 
2265=The Return to Innocence 
2266=Reunion Kamut 
2267=Revelation of Desire 
2268=Revelation of Despair 
2269=Revelation of Ecstasy 
2270=Revelation of Wrath 
2271=Revelation of the Sire 
2272=Revelations 
2273=Revenant 
2274=Reverend Adams 
2275=Reverend Blackwood 
2276=Reverend Djoser Jones 
2277=Reversal of Fortunes 
2278=Revocation of Tyre 
2279=Rewind Time 
2280=Rex, The Necronomist 
2281=Reza Fatir, The Dark Angel 
2282=Richard Tauber, Ayelea's Puppet 
2283=Richter, The Templar of Du Mont 
2284=Ricki Van Demsi 
2285=Rico Loco 
2286=Riddle Phantastique 
2287=Rigby, Crusade Vanguard 
2288=Rigor Mortis 
2289=Riposte 
2290=Rise of the Nephtali 
2291=Ritual Challenge 
2292=Ritual of the Bitter Rose 
2293=Robert Carter 
2294=Robin Withers 
2295=Rocia 
2296=Rock Cat 
2297=Rockheart 
2298=Roderick Phillips March 
2299=Rodolfo 
2300=Rodrigo 
2301=Roger Farnsworth 
2302=Roland Bishop 
2303=Roland Loussarian 
2304=Roll 
2305=Rolling with the Punches 
2306=Rom Gypsy 
2307=Roman Alexander 
2308=Rooftop Shadow 
2309=Root of Vitality 
2310=Roreca Quaid 
2311=Rosa Martínez 
2312=The Rose Foundation 
2313=The Rose 
2314=Rosemarie 
2315=Rötschreck 
2316=Rowan Ring 
2317=Roxanne, Rectrix of the 13th Floor 
2318=Royce 
2319=Rudolfo Giovanni 
2320=Rufina Soledad 
2321=Ruins of Ceoris 
2322=Ruins of Charizel 
2323=Ruins of Villers Abbey, Belgium 
2324=Rumble 
2325=The Rumor Mill, Tabloid Newspaper 
2326=Rumors of Gehenna 
2327=Ruth McGinley 
2328=Rutor's Hand 
2329=Ryder 
2330=Ryszard 
2331=Sabbat Inquisitor 
2332=Sabbat Priest 
2333=Sabbat Threat 
2334=Sabine Lafitte 
2335=Sabrina 
2336=Sacrament of Carnage 
2337=Sacre Cour Cathedral, France 
2338=Sacrifice 
2339=Sacrificial Lamb 
2340=Sadie 
2341=Sahira Siraj 
2342=Saiz 
2343=Sajid al Misbah 
2344=Salbatore Bokkengro 
2345=Salinger 
2346=Samantha 
2347=Samat Ramal-Ra, Archon 
2348=Sammy 
2349=Samson 
2350=Samuel Haight 
2351=San Lorenzo de El Escorial, Spain 
2352=San Nicolás de los Servitas 
2353=Sandra White 
2354=Sanguinary Wind 
2355=Sanguine Instruction 
2356=Sanjo 
2357=Saqqaf, Keeper of the Grand Temple of Set 
2358=Sarah Brando 
2359=Sarah Cobbler 
2360=Sarah Raines 
2361=Sargon 
2362=The Sargon Fragment 
2363=Sarisha Veliku 
2364=Sarrasine 
2365=Sascha Vykos, The Angel of Caine 
2366=Sascha Vykos, The Angel of Caine 
2367=Sasha Miklos 
2368=Saturday-Night Special 
2369=Saul Meira 
2370=Saulot, The Wanderer 
2371=Save Face 
2372=Sawed-Off Shotgun 
2373=Saxum, Master of Slaves 
2374=Sayshila 
2375=Scalpel Tongue 
2376=Scapelli, The Family "Mechanic" 
2377=Scarlet Carson O'Toole 
2378=Scattershot 
2379=Schuyler 
2380=Scorn of Adonis 
2381=Scorpion Sting 
2382=Scorpion's Touch 
2383=Scouting Mission 
2384=Screw the Masquerade! 
2385=Scrounging 
2386=Scrying of Secrets 
2387=Scry the Hearthstone 
2388=Seal of Veddartha 
2389=Seattle Committee 
2390=Sébastian Goulet 
2391=Sébastian Goulet 
2392=Sebastian Marley 
2393=Second Sight 
2394=Second Tradition: Domain 
2395=Secret Horde 
2396=The Secret Library of Alexandria 
2397=The Secret Must Be Kept 
2398=Secret Passage 
2399=Secure Haven 
2400=Seduction 
2401=Seeds of Corruption 
2402=Sela 
2403=Sela 
2404=Selective Silence 
2405=Selena 
2406=Selma the Repugnant 
2407=Sengir Dagger 
2408=Sennadurek 
2409=Sennuwy, The Promoter 
2410=Sense Death 
2411=Sense Vitality 
2412=Sense the Savage Way 
2413=Sense the Sin 
2414=Sensory Deprivation 
2415=Sensory Overload 
2416=Seraph 
2417=Seraph's Second 
2418=Seren Sukardi 
2419=Serenading the Kami 
2420=Sermon of Caine 
2421=Serpentis 
2422=Servitor of Irad 
2423=Servius Marius Pustula 
2424=Seterpenre 
2425=Set's Call 
2426=Set's Curse 
2427=Sha-Ennu 
2428=Shackles of Enkidu 
2429=Shade 
2430=Shadow Body 
2431=Shadow Court Satyr (Changeling) 
2432=Shadow Feint 
2433=Shadow Parasite 
2434=Shadow Play 
2435=Shadow Step 
2436=Shadow Strike 
2437=Shadow Twin 
2438=Shadow of Taint 
2439=Shadow of the Beast 
2440=Shadow of the Wolf 
2441=Shaggydog 
2442=Shahid 
2443=Shakar 
2444=Shaman 
2445=Shambling Hordes 
2446=Shame 
2447=Shane Grimald 
2448=Shannon Price, the Whisperer 
2449=Shanty Town Hunting Ground 
2450=Shape Mastery 
2451=Shared Nightmare 
2452=Shared Strength 
2453=Shasa Abu Badr 
2454=Shattered Mirror 
2455=Shattering Blow 
2456=Shawnda Dorrit 
2457=Sheepdog 
2458=Sheila Mezarin 
2459=Sheldon, Lord of the Clog 
2460=Shell Break 
2461=Shell Game 
2462=Shemti 
2463=Shepherd's Innocence 
2464=Shilmulo Deception 
2465=Shilmulo Tarot 
2466=Shock Troops 
2467=Short-Term Investment 
2468=Shotgun Ritual 
2469=Shroud Mastery 
2470=Shroud of Absence 
2471=Shroud of Night 
2472=Shroudsight 
2473=The Siamese 
2474=Sibyl's Tongue 
2475=Side Strike 
2476=Sideslip 
2477=Sight Beyond Sight 
2478=The Signet of King Saul 
2479=Sigrid Bekker 
2480=Silence of Death 
2481=Silvia Giovanni 
2482=Sins of the Cauchemar 
2483=Siphon 
2484=Sir Henry Johnson 
2485=Sir Marriot D'Urban 
2486=Sir Ralph Hamilton 
2487=Sir Walter Nash 
2488=Siren's Lure 
2489=Sires Command, Childer Inherit 
2490=Sire's Index Finger 
2491=Sisocharis 
2492=Sister Evelyn 
2493=Sixth Tradition: Destruction 
2494=Skidmark 
2495=Skin Trap 
2496=Skin of Night 
2497=Skin of Rock 
2498=Skin of Steel 
2499=Skin of the Adder 
2500=Skin of the Chameleon 
2501=Skryta Zyleta 
2502=Skullduggery 
2503=Slam 
2504=The Slashers 
2505=The Slaughterhouse 
2506=Slaughtering the Herd 
2507=Slave Auction 
2508=Sleep Unseen 
2509=The Sleeping Mind 
2510=Sleep of Reason 
2511=Sleight of Hand 
2512=The Slow Withering 
2513=Slum Hunting Ground 
2514=Smallpox Griet 
2515=Smash 
2516=Smash and Grab 
2517=Smiling Jack, The Anarch 
2518=Smite 
2519=Smoke Grenade 
2520=Smoke and Mirrors 
2521=Smudge the Ignored 
2522=Snipe Hunt 
2523=Sniper Rifle 
2524=Soak 
2525=Soar 
2526=Sobayifa 
2527=Social Charm 
2528=Social Ladder 
2529=Society Hunting Ground 
2530=Society of Leopold 
2531=Sociopath 
2532=Soldat 
2533=Solomon Batanea 
2534=Sonar 
2535=Song in the Dark 
2536=Song of Pan 
2537=Song of Serenity 
2538=Songs of the Distant Vitae 
2539=Sonja Blue 
2540=Sophia Watson 
2541=Soul Burn 
2542=Soul Decoration 
2543=Soul Feasting 
2544=Soul Gem of Etrius 
2545=Soul Painting 
2546=Soul Stealing 
2547=Soul of the Earth 
2548=Sound of a Breaking Oath 
2549=Sowing Dissension 
2550=The Spawning Pool 
2551=Speak with Spirits 
2552=Special Report 
2553=Specialization 
2554=Spectral Divination 
2555=Speed of Thought 
2556=Spell of Life 
2557=Spider 
2558=Spider-Killer 
2559=Spike-Thrower 
2560=Spiridonas 
2561=Spirit Marionette 
2562=Spirit Summoning Chamber 
2563=Spirit's Touch 
2564=Spiritual Intervention 
2565=Spiritual Protector 
2566=Spleen, Georgio Gutterpunk 
2567=Spontaneous Power 
2568=Sport Bike 
2569=Spying Mission 
2570=Squirrel Balance 
2571=Stanislava 
2572=Staredown 
2573=Starshell Grenade Launcher 
2574=Starvation of Marena 
2575=Static Virtue 
2576=The Status Perfectus 
2577=Stavros 
2578=Stealth Ritus 
2579=Steal the Mind 
2580=Steam Tunnels 
2581=Stefano Giovanni 
2582=Stephen Bateson 
2583=Stephen Milliner 
2584=Steve Booth 
2585=Stick 
2586=Stolen Police Cruiser 
2587=Stone Dog 
2588=Stone Quills 
2589=Stone Travel 
2590=Stonestrength 
2591=Storage Annex 
2592=Storm Sewers 
2593=Strained Vitae Supply 
2594=Strange Day 
2595=The Stranger Among Us 
2596=Stravinsky 
2597=Street Cred 
2598=Strength of the Bear 
2599=Strike at the True Flesh 
2600=Strike with Conviction 
2601=Stunt Cycle 
2602=Stutter-Step 
2603=Submachine Gun 
2604=Succubus 
2605=Succubus Club 
2606=Succulent Vitae 
2607=Sudario Refraction 
2608=Sudden Reversal 
2609=Suhailah 
2610=Sukainah 
2611=Summon Soul 
2612=Summon Spirit Beast 
2613=The Summoning 
2614=Summon the Abyss 
2615=Summon the Serpent 
2616=Sundervere, The Devil Brahmin 
2617=Sundown 
2618=Sunrise Service 
2619=Sunset Strip, Hollywood 
2620=Superior Mettle 
2621=Suppressing Fire 
2622=Surge 
2623=Surprise Influence 
2624=Survivalist 
2625=Sutekh, The Dark God 
2626=Suzanne Kadim 
2627=Svadharma 
2628=Swallowed by the Night 
2629=Swarm 
2630=Sweeper 
2631=Swiftness of the Stag 
2632=Swiss Cut 
2633=Swoop 
2634=Sword of Judgment 
2635=Sword of Nuln 
2636=Sword of Troile 
2637=Sword of the Righteous 
2638=Sylvester Simms 
2639=Sympathetic Agony 
2640=Synesios 
2641=Szechenyi Jolán, Mother of Horrors 
2642=Tabitha Fisk 
2643=Tabriz Assembly 
2644=Tainted Vitae 
2645=Tajdid 
2646=Talaq, The Immortal 
2647=Talbot's Chainsaw 
2648=Talith 
2649=Talley, the Hound 
2650=Talons of the Dead 
2651=Tammy Walenski 
2652=Tanginé 
2653=Tangle Atropos' Hand 
2654=Tansu Bekir 
2655=Tapestry of Blood 
2656=Tara, The Hollow One (Mage) 
2657=Tarbaby Jack 
2658=Target Hand 
2659=Target Head 
2660=Target Leg 
2661=Target Vitals 
2662=Tariq, The Silent 
2663=Tariq, The Silent 
2664=Tasha Morgan 
2665=Taste of Death 
2666=Taste of Vitae 
2667=Tatiana Romanov 
2668=Tatiana Stepanova, Alastor 
2669=Tattoo Signal 
2670=Tatu Sawosa 
2671=Taunt the Caged Beast 
2672=Tayshawn Kearns 
2673=Tears, The Dark Pierrot 
2674=Tegyrius, Vizier 
2675=Tegyrius, Vizier 
2676=Telepathic Counter 
2677=Telepathic Misdirection 
2678=Telepathic Tracking 
2679=Telepathic Vote Counting 
2680=Templar 
2681=Temple Hunting Ground 
2682=Temptation 
2683=Temptation of Greater Power 
2684=Tenebrous Form 
2685=Tension in the Ranks 
2686=Teresita, The Godmother 
2687=Tereza Rostas 
2688=Terra Incognita 
2689=Terrell Harding 
2690=Terrence 
2691=Terrifisto 
2692=Terror Frenzy 
2693=Terrorists 
2694=Terry 
2695=The Textbook Damnation 
2696=Thadius Zho, Mage 
2697=Thanks for the Donation 
2698=Thaumaturgy 
2699=Theft of Vitae 
2700=Thelonius 
2701=Theo Bell 
2702=Theo Bell 
2703=Therbold Realty 
2704=Theron 
2705=Thetmes, Caliph of Alamut 
2706=Thin Blood 
2707=Thin-Blooded Seer 
2708=Third Tradition: Progeny 
2709=Thirst 
2710=Thomas Steed, The Angry 
2711=Thomas Thorne 
2712=Thomasso Ghiberti 
2713=Those Who Endure Judge 
2714=Thoughts Betrayed 
2715=Threats 
2716=Threestar Cab Company 
2717=Thrones Crumble 
2718=Thrown Gate 
2719=Thrown Sewer Lid 
2720=Thucimia 
2721=Tiberius, The Scandalmonger 
2722=Tier of Souls 
2723=Timothy Crowley 
2724=Tithings 
2725=Titus Camille 
2726=Tobias Smith 
2727=Tock 
2728=Tom 
2729=Tomb of Rameses III 
2730=Tommy 
2731=Tongue of the Serpent 
2732=Tony 
2733=Toreador Grand Ball 
2734=Toreador Justicar 
2735=Toreador's Bane 
2736=Torment the Soul 
2737=Torn Signpost 
2738=Torpid Blood 
2739=Tortured Confession 
2740=Torvus Bloodbeard 
2741=Total Insanity 
2742=Touch of Pain 
2743=Tourette's Voice 
2744=Tower of London 
2745=Toy Chest Test 
2746=Tracker's Mark 
2747=Tradition Upheld 
2748=Traditionalist 
2749=Tragic Love Affair 
2750=Trainer 
2751=Tranquility 
2752=Transfer of Power 
2753=Transfusion 
2754=Trap 
2755=Travelers Obey the Tenets 
2756=Travis "Traveler72" Miller 
2757=Treachery 
2758=Treasured Samadji 
2759=The Treatment 
2760=Treaty of Laibach 
2761=Treaty of Tyre Enforced 
2762=Tremere Convocation 
2763=Tremere Justicar 
2764=Tribunal Judgment 
2765=Tribute to the Master 
2766=The Trick of the Danya 
2767=Triole's Revenge 
2768=Trochomancy 
2769=Troglodytia 
2770=Trophy: Chosen 
2771=Trophy: Clan Respect 
2772=Trophy: Diablerie 
2773=Trophy: Discipline 
2774=Trophy: Domain 
2775=Trophy: Hunting Ground 
2776=Trophy: Library 
2777=Trophy: No Questions 
2778=Trophy: Progeny 
2779=Trophy: Retainers 
2780=Trophy: Revered 
2781=Trophy: Safe Passage 
2782=Trophy: Wealth 
2783=True Faith 
2784=True Love's Face 
2785=Truman 
2786=Trumped-Up Charges 
2787=Truth in Ink 
2788=Truth of Blood 
2789=Truth of a Thousand Lies 
2790=Tsigane 
2791=Tsunda 
2792=Tumnimos 
2793=Tupdog 
2794=Tura Vaughn 
2795=Tusk, The Talebearer 
2796=Tusk, The Talebearer 
2797=Tutu the Doubly Evil One (Bane Mummy) 
2798=Twisted Forest 
2799=Twisting the Knife 
2800=Tye Cooper 
2801=Tyler 
2802=Typhonic Beast 
2803=Ubende 
2804=Ublo-Satha 
2805=Uchenna 
2806=Ugadja 
2807=Ulrike Rothbart 
2808=Ulugh Beg, The Watcher 
2809=Uma Hatch 
2810=Una 
2811=Unacceptable Appearance 
2812=Unburdening the Bestial Soul 
2813=Uncle George 
2814=The Uncoiling 
2815=Uncontrollable Rage 
2816=Uncontrolled Impulse 
2817=Undead Persistence 
2818=Undead Strength 
2819=Underbridge Stray 
2820=Under the Skin 
2821=Underworld Hunting Ground 
2822=Undue Influence 
2823=Undying Tenacity 
2824=Undying Thirst 
2825=Unexpected Coalition 
2826=Unflinching Persistence 
2827=Unholy Penance 
2828=Unity 
2829=University Hunting Ground 
2830=Unlicensed Taxicab 
2831=The Unmasking 
2832=Unnatural Disaster 
2833=Unre, Keeper of Golgotha 
2834=Unseen Hibernation 
2835=Unwholesome Bond 
2836=Up Yours! 
2837=Uptown Hunting Ground 
2838=Ur-Shulgi, The Shepherd 
2839=Urban Jungle 
2840=Urenna Bunu 
2841=Uriah Winter 
2842=Urraca 
2843=Using the Advantage 
2844=Uta Kovacs 
2845=Uzoma 
2846=Vaclav Petalengro 
2847=Vagabond Mystic 
2848=Valerius Maior, Hell's Fool 
2849=Valerius Maior, Hell's Fool 
2850=Valois Sang, The Watcher 
2851=Vampiric Disease 
2852=Vampiric Speed 
2853=Vanessa 
2854=Vanish from the Mind's Eye 
2855=Vardar Vardarian 
2856=Vasantasena 
2857=Vascular Explosion 
2858=Vasilis, The Traitor of Don Cruez 
2859=Vasiliy Vasilevich 
2860=Vassily Taltos 
2861=Vast Wealth 
2862=Vaulderie 
2863=Vedel Esbreno 
2864=Veiled Sight 
2865=Veil of Darkness 
2866=Veil of Silence 
2867=Veil the Legions 
2868=Velya, The Flayer 
2869=Vendetta 
2870=Veneficorum Artum Sanguis 
2871=Venenation 
2872=Venere Carboni 
2873=Venetian Conference 
2874=Vengeance of Samiel 
2875=Ventrue Directorate Assembly 
2876=Ventrue Headquarters 
2877=Ventrue Investment 
2878=Ventrue Justicar 
2879=Vermin Channel 
2880=Vessel 
2881=Vial of Elder Vitae 
2882=Vial of Garou Blood 
2883=Vicissitude Poisoning 
2884=Vicissitude 
2885=Victim of Habit 
2886=Victor Pelletier 
2887=Victor Revell, Loyalist 
2888=Victor Tolliver 
2889=Victoria 
2890=Victoria Ash 
2891=Victorine Lafourcade 
2892=Vigil: The Thin Line 
2893=Vigilance 
2894=Vincent Day, Paladin and Paragon 
2895=Violation of Trust 
2896=Violet Tremain 
2897=Violette Prentiss 
2898=Virgil 
2899=Virginie, Prodigy 
2900=Virolax Facility 
2901=Virstania, The Great Mother 
2902=Visit from the Capuchin 
2903=Vitae Block 
2904=Vittorio Giovanni 
2905=Vliam Andor 
2906=Voice of Madness 
2907=Volker, The Puppet Prince 
2908=Voter Captivation 
2909=Vox Domini 
2910=Vox Senis 
2911=Vulnerability 
2912=Vulture's Buffet 
2913=WMRH Talk Radio 
2914=Wah Chun-Yuen 
2915=Wake with Evening's Freshness 
2916=Walk of Caine 
2917=Walk of Flame 
2918=Walks-With-Might 
2919=Walk through Arcadia 
2920=Wall Street Night, Financial Newspaper 
2921=Wamukota 
2922=Wanderer's Counsel 
2923=War Ghoul 
2924=War Party 
2925=Warning Sirens 
2926=Warrant 
2927=Warzone Hunting Ground 
2928=Wash 
2929=Wasserschloss Anif, Austria 
2930=Waste Management Operation 
2931=Watch Commander 
2932=Watchtower: Chosen are Called 
2933=Watchtower: Four Ride Forth 
2934=Watchtower: Greatest Fall 
2935=Watchtower: The Wolves Feed 
2936=Watenda 
2937=Waters of Duat 
2938=Wave of Insanity 
2939=Wave of Lethargy 
2940=Waxen Poetica 
2941=Weakness 
2942=Weather Control 
2943=Web of Knives Recruit 
2944=Week of Nightmares 
2945=Weeping Stone 
2946=Weighted Walking Stick 
2947=Weigh the Heart 
2948=Weirding Stone 
2949=Well-Aimed Car 
2950=Wendell Delburton (Hunter) 
2951=Wendy Wade 
2952=Werewolf Pack 
2953=Whispers from the Dead 
2954=Whispers of the Nictuku 
2955=Whistling Up the Beast 
2956=White Lily 
2957=White Phosphorus Grenade 
2958=The Wildebeest 
2959=Wilhelm Waldburg 
2960=William Biltmore 
2961=Will of the Council 
2962=Will-o'-the-Wisp 
2963=Winchester Mansion 
2964=Wind Dance 
2965=Winged Second 
2966=Wise Spider 
2967=Withering 
2968=Wolf Claws 
2969=Wolf Companion 
2970=Wolf Valentine 
2971=Wolfgang 
2972=Wooden Stake 
2973=Wormwood 
2974=Wrath of the Inner Circle 
2975=Wren 
2976=Writ of Acceptance 
2977=Wynn 
2978=XTC-Laced Blood 
2979=Xaviar 
2980=Xendil Charmer 
2981=Xian "DziDzat155" Quan 
2982=Yasmin the Black 
2983=Yavu Matebo 
2984=Yawp Court 
2985=Yazid Tamari 
2986=Year of Fortune 
2987=Yitzak 
2988=Yong-Sun, Harmonist 
2989=Yong-Sun, Harmonist 
2990=Yorik 
2991=Yoruba Shrine 
2992=Young Bloods 
2993=Ysador the Foul 
2994=Yseult 
2995=Yuri Kerezenski 
2996=Yuri, The Talon 
2997=Yusuf, Scribe of Alamut 
2998=Yvette, The Hopeless 
2999=Zachary 
3000=Zack North 
3001=Zahir, Hand of the Silsila 
3002=Zaire River Ferry 
3003=Zapaderin 
3004=Zayyat, The Sandstorm 
3005=Zebulon 
3006=Zhara 
3007=Zhenga 
3008=Zillah's Tears 
3009=Zillah's Valley 
3010=Zip 
3011=Zip Gun 
3012=Zöe 
3013=Zombie 
3014=Zoning Board 
3015=Zoo Hunting Ground 
3016=Zubeida 
3017=Zygodat 
