kt1=Adana de Sforza 
kt2=Agate Talisman 
kt3=Aidan Lyle 
kt4=Aleister Crowley 
kt5=Alex Wilkins 
kt6=Allanyan Serata 
kt7=Alonso Petrodon 
kt8=Andre LeRoux 
kt9=Andrew Stuart 
kt10=The Ankou 
kt11=Arcane Appraiser 
kt12=Ariadne 
kt13=Arthur Denholm 
kt14=Ashur Tablets 
kt15=Baron Dieudonne 
kt16=The Becoming 
kt17=Beetleman 
kt18=Bela 
kt19=Benjamin Rose 
kt20=Bernard, the Scourge 
kt21=Beth Malcolm 
kt22=Bethany Ray 
kt23=Blood of Sandman 
kt24=Bloody Mary 
kt25=Bulscu 
kt26=Carlak 
kt27=Cassandra Langely, The Waif 
kt28=Charismatic Aura 
kt29=Childling Muse 
kt30=Claus Wegener 
kt31=Coterie Tactics 
kt32=Count Zaroff 
kt33=César Holfield 
kt34=Dark Influences 
kt35=Dark Mirror of the Mind 
kt36=Deep Song 
kt37=Dmitra Ilyanova 
kt38=Don Caravelli 
kt39=Don Cerro 
kt40=Donald Cargill 
kt41=Dr. John Dee 
kt42=Dr. Solomon Grey 
kt43=Emily Carson 
kt44=Enkil Cog 
kt45=Ephor 
kt46=Epikasta Rigatos 
kt47=Eugene 
kt48=Eyes of Argus 
kt49=Eyes of the Beast 
kt50=Ezra Hawthorne 
kt51=Fakir al Sidi 
kt52=Federico di Padua 
kt53=Fergus Alexander 
kt54=Fleetness 
kt55=Florentina Lengauer 
kt56=Force of Personality 
kt57=Foureyes 
kt58=Frank Weisshadel 
kt59=Freddy Gage 
kt60=Gabrielle di Righetti 
kt61=Garret 
kt62=Gem Ghastly 
kt63=Gerald Windham 
kt64=Gotsdam, The Tired Warrior 
kt65=Gracetius 
kt66=Graham Gottesman 
kt67=Gunnar 
kt68=Gustaphe Brunnelle 
kt69=Gustav Breidenstein 
kt70=Gwendolyn Fleming 
kt71=Gwyedd 
kt72=Hardestadt 
kt73=Harold Tanner 
kt74=Herbert Westin 
kt75=Heroic Might 
kt76=Hiram "Hide" DeVries 
kt77=Honest Abe 
kt78=Horseshoes 
kt79=Iris Bennett 
kt80=Jack Tredegar 
kt81=Jackson Asher 
kt82=Jann Berger 
kt83=Jeremy "Wix" Wyzchovsky 
kt84=João Bilé 
kt85=Johan Wrede 
kt86=Johannes Castelein 
kt87=Josef von Bauren 
kt88=Joseph DiGiaccomo 
kt89=Kalila 
kt90=Karen Suadela 
kt91=Kateline Nadasdy 
kt92=Keller Thiel 
kt93=Kevlar Vest 
kt94=Leech 
kt95=Light Intensifying Goggles 
kt96=Lillian 
kt97=Lindsay Yates 
kt98=Lisé 
kt99=Lodin (Olaf Holte) 
kt100=Loki's Gift 
kt101=Lord Ephraim Wainwright 
kt102=Lord Fianna 
kt103=Lutz von Hohenzollern 
kt104=Lynn Thompson 
kt105=MacAlister Marshall 
kt106=Mary Anne Blaire 
kt107=Masdela 
kt108=Mictlantecuhtli 
kt109=Miguel Cordovera 
kt110=Mistress Fanchon 
kt111=Monastery of Shadows 
kt112=Montecalme 
kt113=Morel 
kt114=Mouthpiece 
kt115=Neonate Breach 
kt116=New Carthage 
kt117=Nichodemus 
kt118=No Trace 
kt119=Nocturn Theater 
kt120=The Oath 
kt121=Old Friends 
kt122=Osric Vladislav 
kt123=Papillon 
kt124=Paul Calderone 
kt125=Pedrag Hasek 
kt126=Perfect Paragon 
kt127=Persona Non Grata 
kt128=Philippe de Marseilles 
kt129=Ponticulus 
kt130=Portia 
kt131=Rafael de Corazon 
kt132=Randall 
kt133=Rathmere 
kt134=Reginald Moore 
kt135=Rego Motus 
kt136=Reiner Stoschka 
kt137=Repair the Undead Flesh 
kt138=Robert Price 
kt139=Rutor 
kt140=Ruxandra 
kt141=Santaleous 
kt142=Scourge 
kt143=Scourge of the Enochians 
kt144=Sean Andrews 
kt145=Sergei Voshkov, The Eye 
kt146=Sheva Carr 
kt147=Shiloh Marie, Vengeance 
kt148=Slag 
kt149=Soul Scan 
kt150=Steadfastness 
kt151=Still the Mortal Flesh 
kt152=Tainted Spring 
kt153=Talbot 
kt154=Tara 
kt155=Target Retainer 
kt156=Tarrence Moore 
kt157=Themistocles 
kt158=Thomas De Lutrius 
kt159=Tomaine 
kt160=Torrent 
kt161=Touch of Clarity 
kt162=Troius 
kt163=Tryphosa 
kt164=Tyler McGill 
kt165=Unmada 
kt166=Vasily 
kt167=Veles' Hunt 
kt168=Victor Donaldson 
kt169=Vidal Jarbeaux 
kt170=Viktor, The Night General 
kt171=Villein 
kt172=Waiting Game 
kt173=Walker Grimes 
kt174=Warsaw Station 
kt175=White Nights Massacre 
kt176=William Thorbecke 
kt177=Wrong and Crosswise 
kt178=Zane 
kt179=Zelios 
