C:\oraclehome\jdk\bin\javaw.exe -ojvm -classpath C:\gfink\priv\ds\oracle\ds1\classes;C:\gfink\priv\ds\lib\dwr.jar;C:\gfink\priv\ds\lib\xml-apis-1.0b2.jar;C:\gfink\priv\ds\lib\schema2beans.jar;C:\gfink\priv\ds\external\activation.jar;C:\gfink\priv\ds\external\ant-junit.jar;C:\gfink\priv\ds\external\catalina-ant.jar;C:\gfink\priv\ds\external\jsp-api-2.0.jar;C:\gfink\priv\ds\external\junit-3.8.1.jar;C:\gfink\priv\ds\external\mail.jar;C:\gfink\priv\ds\external\schema2beansdev.jar;C:\gfink\priv\ds\external\servlet-api-2.4.jar;C:\gfink\priv\ds\external\xercesImpl.jar -Dhttp.proxyHost=www-proxy.us.oracle.com -Dhttp.proxyPort=80 -Dhttp.nonProxyHosts=*oraclecorp.com|*oracle.com|localhost|127.0.0.1 -Dhttps.proxyHost=www-proxy.us.oracle.com -Dhttps.proxyPort=80 -Dhttps.nonProxyHosts=*oraclecorp.com|*oracle.com|localhost|127.0.0.1 webclient.state.JolAdmin
not found = 
jy1 = .44 Magnum
fn1 = Aabbt Kindred
sa1 = Aaron Duggan, Cameron's Toady
jy2 = Aaron's Feeding Razor
ce1 = Abandoning the Flesh
ah1 = Abd al-Rashid
lo1 = Abebe
sa2 = Ablative Skin
lo0 = Abombwe
fn2 = Abomination
ge1 = Absimiliard's Army
ah2 = Absolution of the Diabolist
bl1 = Absorb the Mind
bh1 = Abyssal Hunter
jy3 = Academic Hunting Ground
jy4 = Aching Beauty
ds1 = Acquired Ventrue Assets
jy5 = Acrobatics
sa3 = Adaptability
ce2 = Adelaide Davis
lo2 = Adhiambo
bh2 = The Admonitions
bl2 = Adonai
jy6 = Adrianne
ge2 = Aeron
ge3 = Afifa, The Herald
bl3 = Agaitas, The Scholar of Antiquities
sa4 = Agatha
sa5 = Aggressive Tactics
jy7 = Agrippina
lo3 = Agru Kabera
lo4 = Ahrimane Protectorate
ge4 = Ahriman's Demesne
jy8 = Aid from Bats
lo5 = Aimee Laroux
ds2 = Aire of Elation
ah3 = Aisha
fn3 = Aisling Sturbridge
lo6 = Aiyana, The Wolfcatcher
ah4 = Akhenaten, The Sun Pharaoh (Mummy)
ah5 = Akram
lo7 = Akunanse Kholo
ah6 = Al-Ashrad, Amr of Alamut
lo8 = Al-Muntaquim, The Avenger
ah7 = Alacrity
ah8 = Alamut
ce3 = Alan Sovereign
pr25 = Alan Sovereign
ge5 = Alastor
ce4 = Alejandro Aguirre
jy9 = Aleph
ds3 = Alexandra
km1 = Alexis Sorokin
an1 = Alfred Benezri
ce5 = Alfred Benezri
an2 = Ali Kar
ge6 = Alia, God's Messenger
ge7 = Alicia Barrows
ce6 = Allison Maller
km2 = Allonzo Montoya
ce7 = Almiro Suarez
km3 = Almodo Giovanni
ce8 = Alonzo Guillen
bh3 = Alpha Glint
jy10 = Al's Army Apparatus
sa6 = Alvaro, The Scion of Angelica
ds4 = Amadeo
fn4 = Amam the Devourer (Bane Mummy)
jy11 = Amaranth
km4 = Amaravati
lo9 = Amavi
fn5 = Ambrogino Giovanni
km5 = Ambrogino Giovanni
sw1 = Ambrosio Luis Monçada, Plenipotentiary
ah9 = Ambrosius, The Ferryman (Wraith)
sa7 = Ambush
sw2 = Amelia
ce9 = Amelia, The Blood Red Tears
ge8 = Amenophobis
ah10 = Amisa
fn6 = Amria
sa8 = Amusement Park Hunting Ground
bh4 = Ana Rita Montaña
ah11 = Anachronism
lo10 = Ananasi Vampirephile
an3 = The Anarch Free Press
an4 = Anarch Railroad
jy12 = Anarch Revolt
an5 = Anarch Salon
km6 = Anarch Secession
jy13 = Anarch Troublemaker
sa9 = Anarchist Uprising
jy14 = Anastasia Grey
ce10 = Anastasz di Zagreb
ds5 = Anathema
fn7 = Anatole, Prophet of Gehenna
lo11 = Ancestor Spirit
lo12 = Ancestor's Insight
ah12 = The Ancestor's Talisman
jy15 = Ancient Influence
jy16 = Ancilla Empowerment
fn8 = Andrea Giovanni
jy17 = Andreas, The Bard of Crete
ds6 = Andrei Puxon
bl4 = Anesthetic Touch
jy18 = Angel
sa10 = Angela Decker
bl5 = Angela Preston
sa11 = Angelica, The Canonicus
pr26 = Angelo
jy19 = Angus the Unruled
km7 = Anima Gathering
bh5 = Animal Magnetism
jy20 = Animalism
bl6 = Anisa Marianna Lopez
fn9 = Anka, Priestess of Thorns
ah13 = The Ankara Citadel, Turkey
km8 = Ankh-sen-Sutekh
fn10 = Ankla Hotep
ce11 = Annabelle Triabell
jy21 = Anneke
jy22 = Anson
ge9 = Antara
ds7 = Antediluvian Awakening
pr1 = Anthelios, The Red Star
ds8 = Antoinette DuChamp
lo13 = Antoinette Dubois
ce12 = Antoinette, She Who Watches
sa12 = Anton
an6 = Antonino
sa13 = Antonio Delgado
ce13 = Antonio Veradas
jy23 = Anvil
fn11 = Anwar
ds9 = Apparition
jy24 = Appolonius
sa14 = Apportation
ge10 = Approximation of Loyalty
an7 = Aranthebes, The Immortal
jy25 = Arcane Library
ah14 = Arcanum Chapterhouse, Alexandria
ah15 = Arcanum Investigator
jy26 = Archon
vt1 = Archon Investigation
an8 = Ardan Lane
lo14 = Aredhel
lo15 = Aren, Priest of Eshu
ds10 = Arika
bh6 = Aristotle de Laurent
lo16 = Armor of Caine's Fury
bl7 = Armor of Terra
jy27 = Arms Dealer
sa15 = Arms of the Abyss
jy28 = Army of Rats
ce14 = Arnold Simpson
jy29 = Arson
jy30 = Art Museum
sa16 = Art Scam
sa17 = Artemis
ds11 = Artistically Inept
sa18 = The Art of Love
bh7 = The Art of Memory
sa19 = The Art of Pain
bl8 = Art's Traumatic Essence
lo17 = Asanbonsam Ghoul
jy31 = Ascendance
bl9 = Ashes to Ashes
ge11 = Assad Salhoum
jy32 = Assault Rifle
jy33 = Astrid Thomas
jy34 = Asylum Hunting Ground
ah16 = Atonement
fn12 = Augustus Giovanni
bl10 = Aura Absorption
jy35 = Aura Reading
ge12 = Aura of Invincibility
sa20 = Aurora Van Brande, Paladin
jy36 = Auspex
jy37 = Autarkis Persecution
lo18 = Aversion
sa21 = Awe
lo19 = Aye
sa22 = Ayelea, The Manipulator
lo20 = Ayo Igoli
km9 = Azaneal
fn13 = Aziz, Dammar of Istanbul
km10 = Baal's Bloody Talons
lo21 = Babalawo Alafin
bh8 = Babble
km11 = Backflip
ah17 = Backstab
km12 = Backstep
jy38 = Backways
jy39 = Badger
fn14 = Badr al-Budur
fn15 = Bajazet al-Nasir
ge13 = Baldesar Rossellini
fn16 = Baleful Doll
ce15 = Baltimore Purge
ah18 = Bang Nakh -- Tiger's Claws
ds12 = Banishment
bh9 = Banjoko
fn17 = Banner of Neutrality
an9 = Banshee Ironwail
pr19 = Barbaro Lucchese
bl11 = The Baron
jy40 = The Barrens
bl12 = Barry
ce16 = Barth
bl13 = Bartholomew
lo22 = Base Hunting Ground
sa23 = Basil
jy41 = Basilia
bl14 = Basilisk's Touch
km13 = Basir
jy42 = Bastard Sword
bl15 = Bastille Opera House
lo23 = Batsheva
lo24 = Battle Frenzy
sa24 = Bauble
km14 = Bay and Howl
an10 = Bear-Baiting
jy43 = Bear Paw
bl16 = Beast Meld
sa25 = Beast, The Leatherface of Detroit
bl17 = Béatrice L'Angou
an11 = Beckett
ge14 = Beckett
ge15 = Becoming of Ennoia
jy44 = Behind You!
lo25 = Belonging Grants Protection
km15 = Benedict Giovanni, Agent
km16 = Beretta 9mm
sa26 = Bestial Visage
jy45 = Betrayer
jy46 = Bewitching Oration
ah19 = Beyond Reproach
jy47 = Bianca
km17 = Big Game
sa27 = Billy
lo26 = Bima
lo27 = Bind the Night-Walker
ah20 = Bindusara, Historian of the Kindred
km18 = Black Annis
jy48 = Black Cat
bh10 = Black Gloves
ge16 = Black Hand Ritual
km19 = Black Lotus
sw3 = Black Metamorphosis
sa28 = Black Spiral Buddy
km20 = Black Sunrise
km21 = Black Wallace
bh11 = Blackhorse Tanner
fn18 = Blackmail
sa29 = Blaise
bl18 = Blanche Hill
sw4 = Blanket of Night
an12 = Bleeding the Vine
lo28 = Blessed Audience
sa30 = Blessing of Chaos
ds13 = Blessing of Durga Syn
bl19 = Blessing of the Name
bl20 = Blissful Agony
ah21 = Blood Agony
jy49 = Blood Bond
sa31 = Blood Brother Ambush
fn19 = Blood Clots
jy50 = Blood Doll
sa32 = Blood Feast
jy51 = Blood Fury
jy52 = Blood Hunt
jy53 = Blood Puppy
jy54 = Blood Rage
sw5 = Blood Siege
ah22 = Blood Sweat
ah23 = Blood Tears of Kephran
ge17 = Blood Trade
ge18 = Blood Weakens
sa33 = Bloodbath
sw6 = Bloodform
bh12 = Blooding
lo29 = Blooding by the Code
sa34 = Blood of Acid
fn20 = Blood of the Cobra
sw7 = Blood of the Sabbat
km22 = Bloodstone
km23 = Bloodstorm of Chorazin
ah24 = Blood to Water
bh13 = Bloodwork
an13 = Blow Torch
jy55 = Blur
ds14 = Blythe Candeleria
an14 = Bobby Lemon
sa35 = Body Arsenal
an15 = Body Bag
sa36 = Body Flare
jy56 = Body of Sun
jy57 = Bomb
jy58 = Bonding
bl21 = Bond with the Mountain
sa37 = Bone Spur
sa38 = Bonecraft
km24 = The Book of Going Forth by Night
an16 = Border Skirmish
an17 = Boss Callihan
an18 = Bothwell
ce17 = Bounty
te1 = Bowl of Convergence
jy59 = Boxed In
sa39 = Boy Toy
ah25 = Brachah
jy60 = Brainwash
sa40 = Brass Knuckles
ge19 = Bravo
jy61 = Brazil
km25 = Breath of Thanatos
sa41 = Breath of the Dragon
jy62 = Bribes
bh14 = Brick Laying
fn21 = Brigitte Gebauer (Wraith)
an19 = Brinksmanship
sa42 = Bronwen
sa43 = Brooke
lo30 = Brother in Arms
bl22 = Brother's Blood
ce18 = Brothers Grimm
ge20 = Bruce de Guy
sa44 = The Bruisers
ds15 = Brujah Debate
jy63 = Brujah Frenzy
jy64 = Brujah Justicar
an20 = Brunhilde
sa45 = Bryan Van Duesen
km26 = Bujo
jy65 = Bum's Rush
lo31 = Bupe Kuila
ds16 = Bureaucratic Overload
bl23 = Burning Touch
ds17 = Burning Wrath
ah26 = Burnt Offerings
jy66 = Burst of Sunlight
jy67 = Business Pressure
km27 = Cagliostro, The Grand Copht
te2 = Caiaphas Smith
sa46 = Cailean
ah27 = Cairo Int'l Airport
sa47 = Caitlin
sa48 = Calebos
fn22 = Calebros, The Martyr
sw8 = Caliban
bl24 = The Call
km28 = Callirus
fn23 = Call of the Hungry Dead
bl25 = Call the Great Beast
sa49 = Call the Lamprey
jy68 = Camarilla Exemplary
sa50 = Camarilla Threat
sa51 = Camarilla Vitae Slave
sa52 = Cameron
jy69 = Camille Devereux, The Raven
sa53 = Campground Hunting Ground
jy70 = Canine Horde
fn24 = Canopic Jar
bh15 = Capitalist
an21 = Car Bomb
jy71 = Cardano
sa54 = Cardinal Benediction
sa55 = Cardinal Sin: Failure of Mission
sa56 = Cardinal Sin: Insubordination
ds18 = Carlotta Giovanni
te3 = Carlton Van Wyk (Hunter)
km29 = Carmine Giovanni
ce19 = Carna, The Princess Witch
an22 = Carnivale
sa57 = Carrion Coffin
sa58 = Carrion Crows
sa59 = Carter
ah28 = Carthage Remembered
ge21 = Carver's Meat Packing and Storage
ge22 = Caseless Rounds
ce20 = Casino Reeds
jy72 = Cassandra, Magus Prime
jy73 = Cat Burglary
ah29 = Catacombs
sa60 = Catatonic Fear
ce21 = Catherine du Bois
jy74 = Cats' Guidance
jy75 = Cauldron of Blood
lo32 = Cedric
jy76 = Celerity
ge23 = Célèste Lamontagne
bl26 = Céleste, The Voice of a Secret
bh16 = Celestial Harmony
fn25 = Celine Chevalier
ge24 = Centralized Background Check
lo33 = Cesewayo
ge25 = Chain of Command
jy77 = Chainsaw
bh17 = Chalice of Kinship
bl27 = Chameleon's Colors
ds19 = Chandler Hungerford
sa61 = Changeling
sa62 = Changeling Skin Mask
jy78 = Change of Target
bl28 = Chanjelin Ward
te4 = Channel 10
sa63 = Channeling the Beast
jy79 = Chantry
bh18 = Charice Fontaigne
fn26 = Charisma
jy80 = Charming Lobby
jy81 = Charnas the Imp
fn27 = Chas Giovanni Tello
jy82 = Chester DuBois
ah30 = Children of Osiris
bh19 = Chill of Oblivion
ds20 = Chimerstry
an23 = Chiram's Hold
sw9 = Chiropteran Marauder
bl29 = Choir
fn28 = Christanius Lionel, The Mad Chronicler
sa64 = Christine Boscacci
an24 = Christopher Houghton
bh20 = Chronicle of the Lost Tribe
ge26 = Church of the Order of St. Blaise
sw10 = Cicatriz
bl30 = Circle
bh21 = Circumspect Revelation
sa65 = City Gangrel Connections
lo34 = Claiming the Body
ah31 = Clan Impersonation
ds21 = Clan Loyalty
fn29 = Clandestine Contract
an25 = Clarissa Steinburgen
sa66 = Claven
jy83 = Claws of the Dead
lo35 = Cleansing Ritual
bl31 = Clio's Kiss
jy84 = Cloak the Gathering
ds22 = Closed Session
bl32 = Clotho's Gift
fn30 = Club Zombie
ah32 = Coagulate Blood
bl33 = Coagulated Entity
ce22 = Cock Robin
sa67 = Code of Milan Suspended
ce23 = Cohn Rose
an26 = Cold Amber's Hold
jy85 = Colin Flynn
bl34 = Collapse the Arches
bh22 = The Colonel
sa68 = Coma
sa69 = Combat Shotgun
ah33 = Command
sa70 = Command of the Beast
ds23 = Command of the Harpies
bh23 = Communal Haven: Cathedral
sa71 = Communal Haven: Temple
ds24 = Compel the Spirit
bl35 = Compress
jy86 = Computer Hacking
jy87 = Concealed Weapon
bl36 = Concert Tour
sa72 = Concoction of Vitality
bl37 = Concordance
bl38 = Condemnation: Betrayed
bl39 = Condemnation: Doomed
bl40 = Condemnation: Languid
km30 = Condemnation: Mute
jy88 = Conditioning
lo36 = Conductor
bl41 = Conflagration
ds25 = Conflict of Interests
sa73 = Confusion
km31 = Confusion of the Eye
ge27 = Conniver
jy89 = Conquer the Beast
ge28 = Conquest of Humanity
jy90 = Consanguineous Boon
jy91 = Consanguineous Condemnation
bl42 = Conscripted Statue
sa74 = Consecration Rites
jy92 = Conservative Agitation
bh24 = Consignment to Duat
ds26 = Constanza Vinti
lo37 = Consume the Dead
bl43 = Contagion
fn31 = Contingency Planning
ah34 = Contract
an27 = Cooler
bl44 = Coordinate Attacks
sa75 = Corine Marcón
ah35 = Cornelius Ottavio
bl45 = Coroner's Contact
bh25 = Corporal Reservoir
sa76 = Corporate Hunting Ground
bh26 = Corpse Balloon
ds27 = Corpse Minion
ah36 = Corruption
ah37 = Corruption's Purge
bh27 = Council of Seraphim
ge29 = Count Germaine
km32 = Count Germaine
fn32 = Count Ormonde
sw11 = Courier
jy93 = Courtland Leighton
sw12 = The Coven
ah38 = Covenant of Blood
lo38 = Covincraft
lo39 = Crawling Chamber
ce24 = Creamy Jade
bl46 = Create Gargoyle
sa77 = Creation Rites
bh28 = Creep Show
lo40 = Creeping Infection
fn33 = Creepshow Casino
fn34 = Crimson Fury
sa78 = The Crimson Sentinel
km33 = Cristobal Ghiberti
ds28 = Cristofero Giovanni
an28 = Cristos Mantigo
km34 = The Crocodile Temple
ge30 = Crocodile's Tongue
ge31 = Crusade: Amsterdam
sa79 = Crusade: Atlanta
bh29 = Crusade: Barcelona
ge32 = Crusade: Berlin
bh30 = Crusade: Brussels
sa80 = Crusade: Chicago
sa81 = Crusade: Detroit
ge33 = Crusade: Dublin
ge34 = Crusade: Frankfurt
ge35 = Crusade: Geneva
sa82 = Crusade: Houston
ge36 = Crusade: Istanbul
ge37 = Crusade: London
sa83 = Crusade: Mexico City
sa84 = Crusade: Miami
sw13 = Crusade: New York
ge38 = Crusade: Paris
sa85 = Crusade: Philadelphia
sa86 = Crusade: Pittsburgh
bh31 = Crusade: Rome
sa87 = Crusade: Toronto
ge39 = Crusade: Washington, D.C.
jy94 = Crusher
an29 = Cry Wolf
jy95 = Cryptic Mission
jy96 = Cryptic Rider
sa88 = Cull the Herd
jy97 = Cultivated Blood Shortage
jy98 = Cunctator Motion
ge40 = Curmudgeon
jy99 = Curse of Nitocris
km35 = Cybele
bl47 = Cynthia Ingold
ge41 = Cyscek
fn35 = Daemonic Possession
fn36 = Dagon's Call
ds29 = Daliyah
ah39 = Damaskenos, Herald of Leandro
lo41 = Dame Hollerton
ah40 = The Damned
pr2 = Dan Murdock
jy100 = Dancin' Dana
sa89 = Dani
an30 = Danielle Diron
fn37 = Danny Larkshill
sa90 = Daring the Dawn
ds30 = Darius Styx
bl48 = Darkling Trickery
sw14 = Darkness Within
sw15 = Darksight
pr27 = Darrell Boyce, Consul
ds31 = Dartmoor, England
ce25 = Darva Felispa
sa91 = Dauntain Black Magician (Changeling)
ce26 = David Morgan, The Scourge
jy101 = Dawn Operation
jy102 = Day Operation
jy103 = Dead-End Alley
km36 = Dead Hand
ah41 = The Deadliest Sin
jy104 = Deal with the Devil
ah42 = Death Pact
ah43 = The Death of My Conscience
lo42 = Death of the Drum
sa92 = Decapitate
ah44 = Dedefra
bh32 = Deed the Heart's Desire
bh33 = Deep Cover Agent
jy105 = Deer Rifle
bl49 = Defender of the Haven
jy106 = Deflection
lo43 = Dela Eden
jy107 = Delaying Tactics
jy108 = Delilah Easton
bl50 = Delilah Monroe
an31 = Delivery Truck
lo44 = Demdemeh
sa93 = Dementation
jy109 = Demetrius Slater
jy110 = Democritus
sa94 = Demonstration
km37 = Denette Stensen
bl51 = Denial of Aphrodite's Favor
fn38 = Deny
bh34 = Deploy the Hand
ah45 = Depravity
sa95 = Derange
ge42 = Descent into Darkness
ge43 = Desert Eagle
ds32 = Destructive Secrets
sa96 = Detection
km38 = Deviki Prasanta
lo45 = Devil-Channel: Back
lo46 = Devil-Channel: Hands
lo47 = Devil-Channel: Throat
sa97 = Devin Bisley
km39 = Devyn
bl52 = D'habi Revenant
bh35 = Día de los Muertos
ge140 = The Diamond Thunderbolt
ce27 = Diana Vick
jy111 = Didi Meyers
jy112 = Dieter Kleist
jy113 = Dimple
sa98 = Direct Intervention
bl53 = Dirty Contract
sa99 = Dirty Little Secrets
km40 = Dis Pater
sa100 = Disarm
jy114 = Disarming Presence
ah46 = Disease
km41 = Disengage
jy115 = Disguised Weapon
fn39 = Dismemberment of Osiris
jy116 = Disputed Territory
sa101 = Dissolution
km42 = Distant Friend
jy117 = Distraction
ge44 = Dive into Madness
an32 = Diversion
ge45 = Diversity
ge46 = Divine Sign
bh36 = Doctor Streck
sa102 = Dodd
jy118 = Dodge
ah47 = Dog Pack
lo48 = Dolie
jy119 = Dollface
sw17 = Dolphin Black
jy120 = Domain Challenge
bl54 = Domain of Evernight
jy121 = Dominate
jy122 = Dominate Kine
bh37 = Dominion
sa103 = Dominique
bh38 = Dominique
jy123 = Don Cruez, The Idealist
km43 = Don Michael Antonio Giovanni
ds33 = Dónal O'Connor
ge47 = Donatello Giovanni
sa104 = Donatien
jy124 = Dorian Strack
bl55 = Doris McMillon
km44 = Doyle Fincher
an33 = Dr. Allan Woodstock
ce28 = Dr. Douglas Netchurch
jy125 = Dr. Jest
jy126 = Dr. John Casey
ge48 = Dr. Julius Sutphen
km45 = Dr. Marisa Fletcher, CDC
fn40 = Draba
ge49 = Dragonbound
jy127 = Dragon's Breath Rounds
sa105 = Dragos
jy128 = Drain Essence
jy129 = Dramatic Upheaval
bl56 = Draught of the Soul
jy130 = Drawing Out the Beast
jy131 = Dre, Leader of the Cold Dawn
jy132 = Dread Gaze
ah48 = Dreams of the Sphinx
an34 = Drum of Xipe Totec
km46 = Dual Form
jy133 = Duck
lo49 = Duma Rafiki
an35 = Dummy Corporation
bl57 = Dust to Dust
sa106 = Dylan
km47 = Dylan
jy134 = Eagle's Sight
ce29 = Earl
jy135 = Earth Control
lo50 = Earth-Feeder
jy136 = Earth Meld
bl58 = Earth Swords
km48 = Earthshock
jy137 = Ebanezer Roush
bh39 = Ebony Fox Hunt
pr20 = Echo
bl59 = Echo of Harmonies
jy138 = Ecoterrorists
fn41 = Ecstasy
fn42 = Ecstatic Agony
an36 = Eddie Gaines
fn43 = Edge Vitiation
km49 = Edged Illusion
ce30 = Edith Blount
ce31 = Edward Neally
ce32 = Edward Vignes
jy139 = Effective Management
lo51 = Effie Lowery
bl60 = Egothha
ce33 = Ehrich Weiss
ah49 = Elder Impersonation
vt2 = Elder Intervention
jy140 = Elder Kindred Network
jy141 = Elder Library
an37 = Elder Michaelis's Hold
lo52 = The Eldest Are Kholo
lo53 = The Eldest Command Undeath
sa107 = Eldritch Glimmer
bl61 = Elemental Stoicism
ce34 = Elena Gutierrez
an38 = Elena Mendoza Vasquez
lo54 = Elephant Guardian
km50 = Elihu
jy142 = Eliott Sinclair, Virtuoso Thespian
ah50 = Elisabetta Romano
an39 = Elizabeth Westcott
sw18 = Ellen Fence, the Tracker
ce35 = Ellison Humboldt
sa108 = Elysian Fields
ge50 = Elysium: Sforzesco Castle
jy143 = Elysium: The Arboretum
ds34 = Elysium: The Palace of Versailles
bh40 = Ember Wright
jy144 = The Embrace
ge51 = Emergency Powers
ge52 = Emergency Preparations
lo55 = Emergency Rations
jy145 = Emerson Bridges
ce36 = Emerson Wilkershire III
an40 = Emissary
jy146 = Enchant Kindred
sa109 = Enchanted Marionette
lo56 = Enforcer
bl62 = Engling Fury
jy147 = Enhanced Senses
ce37 = Enid Blount
km51 = Enkidu, The Noah
fn44 = Enticement
sa110 = Entombment
jy148 = Entrancement
ge53 = Entrenching
ds35 = Enzo Giovanni, Pentex Board of Directors
pr3 = The Erciyes Fragments
bl63 = Erebus Mask
ce38 = Erichtho
bl64 = Erinyi
ah51 = Erosion
fn45 = Eruption of Vitae
ce39 = Esau
sa111 = Escaped Mental Patient
ge54 = Esgrima
km52 = Esteem
sw19 = Eternal Vigilance
sa112 = Ethan Locke
an41 = Etienne Fauberge
ds36 = Etrius
ce40 = Eugenio Estevez
lo57 = Eurayle Gelasia Mylonas
ce41 = Evan Klein
sw20 = Evangeline
fn46 = Ex Nihilo
lo58 = Excellent Thirst
sa113 = Excommunication
fn47 = Extortion
bh41 = Extremis Boon
fn48 = Exuding Blood
pr4 = Eye of Hazimel
lo59 = Eye of Unforgiving Heaven
sa114 = Eyes of Chaos
ds37 = Eyes of the Dead
sa115 = Eyes of the Night
ah52 = Eyes of the Serpent
lo60 = Eze, The Demon Prince
bh42 = Ezekiel, Lord of Montreal
fn49 = Ezmerelda
km53 = FBI Special Affairs Division
jy149 = Faceless Night
sa116 = Fade from View
lo61 = Fae Contortion
ge55 = Fahd al-Zawba'a
ds38 = Faithful Servant
jy150 = Fake Out
bl65 = Falcon's Eye
lo62 = Falhu Shibaba
ge56 = Fall of the Camarilla
ge57 = Fall of the Sabbat
jy151 = Fame
ds39 = Far Fatuus
jy152 = Far Mastery
ah53 = Faruq
jy153 = Fast Hands
jy154 = Fast Reaction
fn50 = Fata Amria
ds40 = Fata Morgana
pr5 = Fatima al-Faqadi
km54 = Fatuus Mastery
ds41 = Fear of Mekhet
bl66 = Fear of the Void Below
an42 = Fee Stake: Boston
an43 = Fee Stake: Corte
an44 = Fee Stake: Los Angeles
an45 = Fee Stake: New York
an46 = Fee Stake: Perth
an47 = Fee Stake: Seattle
jy155 = Felicia Mostrom
bl67 = Feline Saboteur
fn51 = Felix "Fix" Hessian (Wraith)
sa117 = Femur of Toomler
an48 = Feo Ramos
bl68 = Feral Spirit
bl69 = Ferox, The Rock Lord
ge58 = Ferox, The Rock Lord
km55 = Ferraille
sa118 = Festivo dello Estinto
sa119 = Fetish Club Hunting Ground
fn52 = Fida'i
bl70 = Fidus, The Shrunken Beast
an49 = Fiendish Tongue
jy156 = Fifth Tradition: Hospitality
an50 = Filchware's Pawn Shop
fn53 = The Final Nights
ge59 = Finding the Path
sa120 = Fire Dance
an51 = Firebrand
sa121 = Fire in the Blood
lo63 = Fire on the Mountain
jy157 = First Tradition: The Masquerade
lo64 = Fish
jy158 = Fists of Death
jy159 = Flak Jacket
jy160 = Flamethrower
bh43 = Flaming Candle
jy161 = Flash
ge60 = Flash Grenade
fn54 = Fleecing the Gaje
sa122 = Fleshcraft
jy162 = Flesh of Marble
ce42 = Fleurdumal
bl71 = Flow Within the Mountain
ge61 = Flurry of Action
bl72 = Folderol
km56 = Follow the Alpha
sa123 = Forced Awakening
km57 = Forced March
ds42 = Force of Will
ah54 = Foreshadowing Destruction
ds43 = Forest of Shadows
ce43 = Forgery
sa124 = Forgotten Labyrinth
ah55 = Form of Corruption
jy163 = Form of Mist
jy164 = Form of the Ghost
ah56 = Form of the Serpent
jy165 = Fortitude
ge62 = Fortschritt Library
ds44 = Fortune Teller
ds45 = Fortune Teller Shop
ah57 = Foul Blood
bh44 = Foundation Exhibit
lo65 = Founders of the Ebony Kingdom
jy166 = Fourth Tradition: The Accounting
sa125 = Fractured Armament
jy167 = Fragment of the Book of Nod
ds46 = Francesca Giovanni
sw21 = Francisco Domingo de Polonia
ds47 = Franciscus
ds48 = François Villon
jy168 = Freak Drive
sa126 = Frederick the Weak
lo66 = Free Fight
fn55 = Free States Rant
jy169 = Frenzy
ge63 = Friend of Mine
km58 = From a Sinking Ship
bl73 = Frozen Object
ge64 = Fueled by Heart's Blood
fn56 = Gabrin
bl74 = Gaël Pilet
an52 = Galaric's Legacy
an53 = Gambit Accepted
jy170 = Game of Malkav
ge65 = Games of Instinct
sa127 = Gang Tactics
sa128 = Gang Territory
jy171 = Gangrel Atavism
sa129 = Gangrel Conspiracy
jy172 = Gangrel Justicar
ds49 = Gangrel Revel
lo67 = Ganhuru
sa130 = Gargoyle Slave
fn57 = Garrote
sa131 = Gas-Powered Chainsaw
ds50 = Gaspare Giovanni
an54 = Gather
ge66 = Gear Up
ce44 = Gemini
bh45 = Gemini's Mirror
an55 = General Perfidio Díos
sa132 = Genevieve
ce45 = Gengis
pr24 = Genina, The Red Poet
lo68 = Gentha Shale
bl75 = George Frederick
sa133 = Gerard
ce46 = Gerard Rafin
bl76 = Gestalt
ge67 = Gharston Roland
fn58 = Ghivran Dalaal, The Dead God
lo69 = Ghost-Eater
jy173 = Ghoul Escort
lo70 = Ghoul Messenger
jy174 = Ghoul Retainer
an56 = Ghouled
sa134 = Ghouled Street Thug
fn59 = The Ghouls of Plaza Morería
ge68 = Giangaleazzo, The Traitor
jy175 = Giant's Blood
jy176 = Gideon Fontaine
bl77 = Gift of Bellona
an57 = Gift of Experience
jy177 = Gilbert Duane
fn60 = Gillespi Giovanni
sa135 = Gillian Krader
bl78 = Giotto Verducci
ds51 = Giovanni Acceptance
ds52 = Giovanni Discrimination
jy178 = Gird Minions
bl79 = Gisela Harden, The Winnower
jy179 = Gitane St. Claire
jy180 = Giuliano Vincenzi
ds53 = Giuseppe, Gravedigger
lo71 = Glare of Lies
jy181 = Glaser Rounds
km59 = Glass Walker Pact
jy182 = Gleam of Red Eyes
ds54 = Gloria Giovanni
lo72 = Glutton
an58 = Go Anarch
lo73 = Goblinism
jy183 = Golconda: Inner Peace
ds55 = Goodnight, Sweet Prince
fn61 = Goratrix
bh46 = Goratrix
sa136 = Goth Band
jy184 = Govern the Unaligned
ce47 = Gracis Nostinus
ah58 = Grand Temple of Set
bl80 = The Grandest Trick
km60 = Grasp of the Python
fn62 = Grasp the Ghostly
sa137 = Gratiano
jy185 = Graverobbing
ds56 = Greger Anderssen
ce48 = Gregory Winter
jy186 = Grenade
jy187 = Grendel the Worm-Eaten
sw22 = Greta Kircher
km61 = Groundfighting
jy188 = Growing Fury
lo74 = Gualtiero Ghiberti
sa138 = Guard Dogs
fn63 = Guard Duty
ah59 = Guardian Angel
sa139 = Guardian Ghoul
sa140 = Guido Lucciano
ge69 = Guillermo Arsuaga
jy189 = Gunther, Beast Lord
bh47 = Guru
lo75 = The Guruhi Are the Land
lo76 = Guruhi Kholo
fn64 = Gustav Mallenhous
an59 = Gustavo Morales
ds57 = Gwendolyn
jy190 = Gypsies
fn65 = Haakon Mortensen
ah60 = Hadrian Garrick
bl81 = Hag's Wrinkles
lo77 = Hall of Hades' Court
bh48 = Hand Intervention
sa141 = Hand of Conrad
lo78 = Hanging Fermata
an60 = Hanna Redmonds
sa142 = Hannibal
pr6 = Hannibal
fn66 = Hannigan
km62 = Haqim's Law: Judgment
ce49 = Harass
ah61 = Harika Guljan
ds58 = Harrod
an61 = Harry Reese
ge70 = Hartmut Stover
km63 = Harzomatuili
lo79 = Hasani
jy191 = Hasina Kesi
lo80 = Hatchling
fn67 = Haunt
sw23 = The Haunting
sw24 = Haven Affinity
jy192 = Haven Uncovered
jy193 = Hawg
km64 = Haymaker
ge71 = Hazimel
lo81 = Healing Touch
ah62 = Heartblood of the Clan
ah63 = Heart of Darkness
km65 = Heart of the City
jy194 = Heather Florent, The Opportunist
lo82 = Heaven's Gate
jy195 = Hector Sosa
ge72 = Hector Trelane
ds59 = Heidelberg Castle, Germany
sa143 = Heinrick Schlempt
ce50 = Helena
pr28 = Helena
jy196 = Helena Casimir
jy197 = Hellhound
bh49 = Henri Lavenant
bh50 = Henry Taylor
bl82 = Herald of Topheth
lo83 = Hermana Hambrienta Mayor
lo84 = Hermana Hambrienta Menor
pr7 = Hesha Ruhadze
bh51 = Hester Reed
ge73 = Hezekiah Rutledge
jy198 = Hidden Lurker
sa144 = Hidden Pathways
ah64 = Hidden Strength
km66 = Hierophant
lo85 = High Aye
ce51 = High Ground
sw25 = High Museum of Art, Atlanta
lo86 = High Orun
bl83 = High Priest Angra Mainyu
jy199 = High Stakes
bl84 = High Top
an62 = Highway Haven: RV
lo87 = Homa
jy200 = Homunculus
lo88 = Honorine Ateba
fn68 = Honor the Elders
sa145 = Horatio
ce52 = Horatio Ballard
sa146 = Horrid Form
ds60 = Horrid Reality
ds61 = Horrific Countenance
an63 = Horrock
an64 = Hospital Food
jy201 = Hostile Takeover
lo89 = Houngan
lo90 = Hourglass of the Mind
bl85 = Howler
ce53 = Hrothulf
sa147 = Huang, Blood Cultist
sa148 = Hugo
bl86 = Huitzilopochtli
ah65 = Humanitas
sa149 = The Hungry Coyote
ds62 = The Hunt Club
ah66 = Husamettin
jy202 = IR Goggles
sa150 = Ian Forestal
sa151 = Ian Wallingford
lo91 = Ibn Khaldun, Scholar
sw26 = Idalia, Prophet of Guadalajara
lo92 = Idrissa
sa152 = Ignacio, The Black Priest
jy203 = Ignatius
bh52 = Ignazio Giovanni
ds63 = Ignis Fatuus
km67 = Ignore the Searing Flames
lo93 = Igoli's Loyalty
jy204 = Igo the Hungry
ah67 = Iliana
jy205 = Illegal Search and Seizure
ah68 = Illusions of the Kindred
bl87 = Ilse
ce54 = Ilyana Ravidovich
ah69 = Immaculate Vitae
km68 = Immense Size
jy206 = Immortal Grapple
sa153 = Imogen
ah70 = Imperial Decree
fn69 = Imposing Phantasm
bl88 = Improvised Flamethrower
an65 = Improvised Tactics
ds64 = Inbase Discotek, Frankfurt
ah71 = Increased Strength
ds65 = Incriminating Videotape
jy207 = Indomitability
sa154 = Infamous Warlock
bl89 = Infection
sa155 = Infernal Familiar
sa156 = Infernal Pact
jy208 = Infernal Pursuit
lo94 = Informant
jy209 = Information Highway
bh53 = Information Network
bh54 = Ingram Frizer
ds66 = Ingrid Rossler
sa157 = Ingrid Russo
lo95 = Iniko, The Black Lion
sw27 = Inner Essence
sa158 = Innocent Bystander
km69 = Inquisition
bh55 = Inscription
lo96 = Inspire Greatness
ge74 = Instinctive Reaction
sa159 = Institution Hunting Ground
te5 = Insurance Scam
bl90 = Internal Recursion
sa160 = Intimidation
fn70 = Intisar
an66 = Into the Fire
ds67 = Inveraray, Scotland
sa161 = Investiture
ah72 = Invitation Accepted
lo97 = Invoking the Beast
ce55 = Ira Rivers
bh56 = Iron Glare
bl91 = Iron Heart
an67 = Irregular Protocol
fn71 = Isabel Giovanni
ah73 = Isabel de Leon
lo98 = Ishtarri Kholo
ah74 = Island of Yiaros
lo99 = Ismitta
ah75 = Itzahk Levine
fn72 = Ivan Krenyenko
jy210 = Ivory Bow
ce56 = J. Oswald "Ozzy" Hyde-White
jy211 = J. S. Simmons, Esq.
bl92 = Jack
bl93 = Jack Dawson
lo100 = Jack Dawson
ah76 = Jackal
jy212 = Jackie Therman
sa162 = Jacko
ge75 = Jack of Both Sides
sa163 = Jacob Bragg
ge76 = Jacob, The Glitch
fn73 = Jake Washington (Hunter)
fn74 = Jalal Sayad
bh57 = Jalan-Aajav
fn75 = Jan Pieterzoon
ge77 = Jan Pieterzoon
km70 = Jane Sims
km71 = Janey Pickman
km72 = Janni
ce57 = Jara Drory
ce58 = Jaroslav Pascek
ds68 = Jar the Soul
ce59 = Jason, The World's Voice
ds69 = Javier Montoya
km73 = Jayne Jonestown
jy213 = Jazz Wentworth
km74 = Jeffrey Mullins
an68 = Jeremiah Noble
an69 = Jeremy MacNeil
ce60 = Jeremy MacNeil
an70 = Jeremy Talbot
bl94 = Jerry
bh59 = Jesús Alcalá
ge78 = Jesse Menks
sa164 = Jessica
bh58 = Jessica
ge79 = Jezebelle
lo101 = Jibade el-Bahrawi
sa165 = Jimmy Dunn
jy214 = Jing Wei
ce61 = Joaquin Murietta
ds70 = Joaquina Amaya
km75 = Joe "Boot" Hill
ge80 = John Paleologus
fn76 = The Jones
bl95 = Jorge De La Muerte, The Agent
sa166 = Josef
an71 = Joseph O'Grady
ce62 = Joshua Tarnopolski
sa167 = Jost Werner
sa168 = Juan Cali
bl96 = Juanita Santiago
lo102 = Jubal
ah77 = Judah
ds71 = Judgment: Camarilla Segregation
ds72 = Judgment: Death to the Brujah!
an72 = Juggler
bl97 = Julia Prima
fn77 = Julian Sanders
ce63 = Julio Martinez
ah78 = Julius
lo103 = Jungle Hunting Ground
vt3 = Justicar Retribution
jy215 = Justine, Elder of Dallas
jy216 = KRCG News Radio
an73 = Kahina the Sorceress
ah79 = Kalinda
ah80 = Kali's Fang
jy217 = Kallista, Master Sculptor
lo104 = Kamaria
lo105 = Kamau Jafari
lo106 = Kamiri wa Itherero
bl98 = Kanimana Belghazi
ah81 = Kanya Akhtar
bl99 = Karl
an74 = Karsh
bl100 = Kassiym Malikhair
ds73 = Katarina
ce64 = Katarina Kornfeld
bh60 = Katherine Stoddard
bh61 = Kaymakli Barrier
ge81 = Kaymakli Nightmares
bh62 = Kazimir Savostin
lo107 = Kduva's Mask
ah82 = Kemintiri
km76 = Kemintiri
sa169 = Kendrick
lo108 = Kenyatta
ah83 = Kephamos, High Priest of Marrakech
lo109 = Kerrie
bl101 = Kervos, The Lieutenant
ah84 = The Khabar: Community
km77 = Khabar: Glory
ah85 = The Khabar: Honor
fn78 = Khabar: Loyalty
ce65 = Khalid
ah86 = Khalil Anvari
fn79 = Khalil Ravana
lo110 = Khalu
fn80 = Khay'tall, Snake of Eden
ah87 = Kherebutu (Bane Mummy)
fn81 = Khobar Towers, Al-Khubar
sa170 = Kij Dansky
lo111 = The Kikiyaon
ds74 = Kindred Coercion
jy218 = Kindred Intelligence
sw28 = Kindred Manipulation
jy219 = Kindred Restructure
jy220 = Kindred Segregation
jy221 = Kindred Society Games
sa171 = Kindred Spirits
jy222 = Kine Resources Contested
fn82 = King of the Mountain
lo112 = King's Favor
km78 = Kingston Penitentiary, Ontario
bl102 = Kiss of Lachesis
ah88 = The Kiss of Ra
sw29 = Kite
ds75 = Klaus van der Veken
jy223 = The Knights
jy224 = KoKo
sa172 = Korah
ds76 = Kostantin, Baro of the Caravan
sw30 = Kraken's Kiss
bl103 = Krassimir
ce66 = Krid
ce67 = Kurt Densch
sa173 = Kurt Strauss
sw31 = Kyle Strathcona, Cardinal of Canada
ce68 = Kyoko Shinsegawa
km79 = L'Epuisette
jy225 = The Labyrinth
sa174 = Lachlan, Noddist
ge82 = Ladislas Toth, The Torch
ah89 = Lalitha
sa175 = Lambach
pr8 = Lambach
ce69 = Lana Butcher
lo113 = Langa
bl104 = Lapse
jy226 = Laptop Computer
bl105 = Larry
bh63 = Last Stand
ah90 = Laurent de Valois
ah91 = Lázár Dobrescu
bl106 = Lazarene Inquisitor
jy227 = Lazarus
an75 = Lazarus
ge83 = Lazarus James
sa176 = Lazverinus, Thrall of Lambach
bl107 = Le Dinh Tho
ge84 = Leadership Vacuum
ds77 = Leandro
lo114 = Leapfrog
km80 = Learjet
sa177 = Leather Jacket
km81 = Leathery Hide
fn83 = Left for Dead
sa178 = Legacy of Caine
sa179 = Legacy of Pander
ds78 = Legacy of Power
jy228 = Legal Manipulations
ds79 = Legendary Vampire
lo115 = Legend of the Leopard
pr9 = Legion
bh64 = Legwork
sa180 = Lena Rowe
sa181 = Leon
ds80 = Leonardo, Mortician
bh65 = Lessons in the Steel
jy229 = Letter from Vienna
jy230 = Lextalionis
an76 = Lia Milliner
an77 = Liberty Club Intrigue
sa182 = Library Hunting Ground
jy231 = Life Boon
an78 = Life in the City
km82 = Lifeless Tongues
sa183 = Lightning Reflexes
ce70 = Lille Haake
te6 = Liquidation
an79 = Lisa Noble
sa184 = Lisette Vizquel
bl108 = Lithrac
lo116 = Little Mountain Cemetery
sw32 = Little Tailor of Prague
sa185 = Living Manse
sw33 = Lobotomy
bh66 = Local 1111
sa186 = Lolita
sa187 = Lolita Houston
ds81 = London Evening Star, Tabloid Newspaper
ge85 = Loner
ge86 = Loose Cannon
an80 = Lord Ashton
km83 = Lorrie Dunsirn
jy232 = Lost in Crowds
km84 = Louhi
ds82 = The Louvre, Paris
jy233 = Loyal Street Gang
bh67 = Loyalist
ce71 = Lucas Halton
jy234 = Luccia Paciola
jy235 = Lucian
ce72 = Lucina
ce73 = Lucinde, Alastor
pr10 = Lucita
an81 = Lucita
jy236 = Lucky Blow
jy237 = Lucretia, Cess Queen
bl109 = Luma, Stone Beauty
lo117 = Lumumba
sw34 = Lunatic Eruption
fn84 = Lupine Assault
jy238 = Lupo
ah92 = Lure of the Serpent
sa188 = Luther
jy239 = Lydia Van Cuelen
sa189 = Lyndhurst Estate, New York
lo118 = Maabara
sa190 = Machine Blitz
lo119 = Macoute
ce74 = Madame Guil
bl110 = Madman's Quill
jy240 = Madness Network
ds83 = Madness of the Bard
bl111 = Madrigal
an82 = Magazine
ds84 = Magdelena Schaefer
jy241 = Magic of the Smith
jy242 = Majesty
jy243 = Major Boon
ah93 = Makarios, The Seducer
an83 = Maldavis
jy244 = Malkavian Dementia
ds85 = Malkavian Derangement: Alternate Personality
sa191 = Malkavian Derangement: Paranoia
sa192 = Malkavian Game
jy245 = Malkavian Justicar
jy246 = Malkavian Prank
ah94 = Malkavian Rider Clause
ds86 = The Malkavian Seven Miseries
jy247 = Malkavian Time Auction
fn85 = Malleable Visage
jy248 = Manstopper Rounds
ge87 = Marcel de Breau
ah95 = Marcellus
sa193 = March Halcyon
fn86 = Marciana Giovanni, Investigator
bl112 = Marconius
pr11 = Marcus Vitel
an84 = Marcus Vitel
bh68 = Maria Stone
lo120 = Maria Stone
pr12 = Mariana Gilbert
fn87 = Marianna
bh69 = Mariano Pomposo
ge88 = Marie Faucigny
jy249 = Mariel, Lady Thunder
ah96 = Marijava Ghoul
bh70 = Marijava Thuggee
bh71 = Marino Reymundo Vásquez
ah97 = Mario Giovanni
km85 = Marion French
ce75 = Maris Streck
bl113 = Mark
bl114 = Mark V
sa194 = Marked Path
ah98 = Market Square
ah99 = Mark of Damnation
ah100 = Mark of the Damned
ce76 = Marlena
sa195 = Marlene, The Infernalist
ge89 = Marthe Dizier
bh72 = Martial Ritus
an85 = Martin Franckel
jy250 = Marty Lechtansi
bl115 = Martyr's Resilience
bl116 = Mary the Black
lo121 = Masai Blood Milk
jy251 = Masika
ce77 = Masika St. John
bh73 = Mask Empathy
lo122 = Maskini
jy252 = Mask of a Thousand Faces
sa196 = Masochism
bh74 = Masque of Judas
fn88 = Masquer (Wraith)
jy253 = Masquerade Endangered
jy254 = Masquerade Enforcement
ah101 = Mass Reality
lo123 = Massassi
lo124 = Massassi's Honor
km86 = Mata Hari
lo125 = Matata
bh75 = Mateusz Gryzbowsky
sa197 = Matteus, Flesh Sculptor
ge90 = Matthew Romans
bl117 = Matthias
km87 = Maureen, Dark Priestess
ds87 = The Mausoleum, Venice
fn89 = Max Lowell
ce78 = Maxwell
bh76 = Mayaparisatya
ce79 = Mazz
lo126 = Mbare Market, Harare
sa198 = Meat Cleaver
fn90 = Meat Hook
pr13 = The Meddling of Semsith
sa199 = Media Influence
ah102 = Mehemet of the Ahl-i-Batin (Mage)
sa200 = Melange
sw35 = Meld with the Land
ah103 = Melek
fn91 = Melisande
jy255 = Melissa Barton
ah104 = Memories of Mortality
ah105 = Memory's Fading Glimpse
ce80 = Menele
lo127 = Meno Ngari
sw36 = Mercy, Knight Inquisitor
km88 = Mercy for Seth
ah106 = Mercy for the Weak
jy256 = Merrill Molitor
sa201 = Meshenka
bh77 = Mesmerize
jy257 = Metro Underground
an86 = Michael Luther
km89 = Michael diCarlo
bh78 = Midget
ah107 = Might of the Camarilla
jy258 = Mighty Grapple
bh79 = Miguel Santo Domingo
sw37 = Miller Delmardigan, Teacher of Bahari
jy259 = Millicent Smith, Puritan Vampire Hunter
ce81 = Milo, The Invisible Horror
lo128 = Mina Grotius
ah108 = Mind Numb
sa202 = Mind Rape
sa203 = Mind Tricks
sa204 = Mind of a Child
km90 = Mind of a Killer
jy260 = Minion Tap
bh80 = Ministry
jy261 = Minor Boon
jy262 = Miranda Sanova
ah109 = Mirembe Kabbada
bl118 = Miriam Benyona
fn92 = Mirror Image
jy263 = Misdirection
lo129 = Misrak
bl119 = The Missing Voice
sa205 = Mistaken Identity
bh81 = Mistrust
sa206 = Mitchell, The Headhunter
km91 = Mitru the Hunter
jy264 = Mob Connections
an87 = Mob Rule
an88 = The Mole
an89 = Molotov Cocktail
ge91 = Momentum's Edge
sa207 = Monique
jy265 = Monocle of Clarity
sa208 = Monomancy
ds88 = Morgue Hunting Ground
ce82 = Mouse
jy266 = Movement of the Mind
jy267 = Movement of the Slow Body
lo130 = Mozambique Allure
lo131 = Mr. Noir
jy268 = Mr. Winthrop
ah110 = Muaziz, Archon of Ulugh Beg
jy269 = Muddled Vampire Hunter
ge92 = Muhandis
ge93 = Muhsin Samir
ge94 = Mukhtar Bey
ah111 = Mummify
ah112 = Mummy's Tongue
ah113 = Murat
jy270 = Murder of Crows
lo132 = Muricia
bl120 = Muricia's Call
sa209 = Muriel Foucade
bl121 = Muse
ah114 = Mustafa Rahman
ge95 = Mustafa, The Heir
sa210 = My Enemy's Enemy
ge96 = Mylan Horseed (Goblin)
fn93 = Mythic Form
km92 = NSA Trio
an90 = Nadima
bh82 = Nahir
ah115 = Nakova, Advocate of Golconda
km93 = The Name Forgotten
lo133 = Nangila Were
ds89 = Natalia
jy271 = Natasha Volfchek
fn94 = National Guard Support
jy272 = Navar McClaren
ds90 = Necromancy
an91 = Nedal, The Careless
fn95 = Nefertiti
km94 = Neferu
lo134 = Nehemiah
fn96 = Nehsi
ge97 = Neighborhood Watch Commander (Hunter)
ah116 = Nepata
sa211 = Nephandus (Mage)
pr29 = Nergal
bl122 = Nettie Hale
bl123 = Neutral Guard
ge141 = The New Inquisition
lo135 = New in Town
bh83 = Nicholas Chang
sa212 = Nigel the Shunned
jy273 = Night Moves
bl124 = Nightmare Curse
ge98 = Nightmares upon Nightmares
km95 = Nightshades
jy274 = Nik
ds91 = Nikolaus Vermeulen
jy275 = Nimble Feet
lo136 = Nkechi
lo137 = Nkule Galadima
lo138 = No Secrets From the Magaji
ge99 = Nod
jy276 = Normal
bl125 = Nose of the Hound
an92 = Nosferatu Bestial
ds92 = Nosferatu Hosting
jy277 = Nosferatu Justicar
sa213 = Nosferatu Kingdom
ds93 = Nosferatu Performance Art
jy278 = Nosferatu Putrescence
km96 = Not to Be
bl126 = Nu, The Pillar
ah117 = Oath of Loyalty
jy279 = Obedience
jy280 = Obfuscate
sa214 = Obsession
bl127 = Obsidian
sa215 = Obtenebration
ge100 = Occlusion
bl128 = Octopod
ds94 = Of Noble Blood
ah118 = Ohanna
lo139 = Ohoyo Hopoksia (Bastet)
bh84 = Olga Triminov
ce83 = Oliver Thrace
sa216 = Olivia
lo140 = Olugbenga
sw38 = Omaya
lo141 = Omme Enberbenight
lo142 = Onaedo
jy281 = Open Grate
ah119 = Opium Den
te7 = Orb of Ulain
ds95 = Order of Hermes Cabal
sa217 = Orgy of Blood
lo143 = Orun
lo144 = Osebo Kholo
km97 = Ossian
lo145 = Otieno
sw39 = Oubliette
jy282 = Outcast Mage
sa218 = Out of Control
an93 = Out of the Frying Pan
lo146 = Overseer
bh85 = Owain Evans, The Wanderer
jy283 = Owl Companion
sw40 = Ox, Viceroy of the Hollows
ds96 = Oxford University, England
jy284 = Ozmo
km98 = Pack Alpha
sa219 = Pack Tactics
lo147 = Palace Hunting Ground
ds97 = Palatial Estate
sa220 = Palla Grande
bl129 = Panacea
ah120 = Panagos Levidis
lo148 = Pandora's Whisper
lo149 = Panya, The Wicked
an94 = Paragon
km99 = Pariah
bl130 = Paris Opera House
jy285 = Parity Shift
ds98 = Park Hunting Ground
fn97 = Parmenides
ah121 = Parnassus
ah122 = The Parthenon
sa221 = Passion
jy286 = Patagia: Flaps Allowing Limited Flight
ah123 = The Path of Blood
fn98 = The Path of Bone
bh86 = Path of Death and the Soul
bh87 = Path of Evil Revelations
ge101 = The Path of Lilith
sw41 = The Path of Metamorphosis
sw42 = The Path of Night
fn99 = The Path of Paradox
lo150 = The Path of Retribution
lo151 = The Path of Tears
ah124 = The Path of Typhon
sw43 = The Path of the Feral Heart
lo152 = The Path of the Scorched Heart
ah125 = Patrizia Giovanni, Collector of Secrets
bl131 = Patrol
sw44 = Patronage
fn100 = Patshiv
sw45 = Patterns in the Chaos
fn101 = Paul DiCarlo, The Alpha
km100 = Paul Forrest, False Prophet
jy287 = Peace Treaty
lo153 = Peacemaker
ah126 = The Peace of Khetamon
ds99 = Pentex Subversion
sa222 = Pentex(TM) Loves You!
ds100 = Pere Lachaise, France
fn102 = Perfect Clarity
ge102 = Perfectionist
km101 = Permanency
ce84 = Persia, The Beautiful Statue
lo154 = Persistent Echo
ge103 = Personal Involvement
sw46 = Personal Scourge
km102 = Petaniqua
km103 = Petaniqua
sw47 = Peter Blaine
ge104 = Petra
an95 = Petra Resonance
ah127 = Petru Sipos
lo155 = Phagian
lo156 = Phantom Speaker
km104 = Phased Motion Detector
lo157 = Pherydima
km105 = Phillipe Rigaud
ah128 = Phobia
sw48 = Pier 13, Port of Baltimore
sa223 = Pieter
ce85 = Pieter van Dorn
bh88 = Piotr Andreikov
sa224 = Plasmic Form
ds101 = Playing for Keeps
fn103 = Pochtli
ge105 = Poison Pill
bl132 = Poker
te8 = Polaris Coach
jy288 = Police Department
jy289 = Political Ally
sa225 = Political Antagonist
jy290 = Political Backlash
jy291 = Political Flux
sa226 = Political Hunting Ground
sa227 = Political Seizure
sa228 = Political Stranglehold
sa229 = Political Struggle
pr21 = Port Authority
lo158 = Port Hunting Ground
ah129 = The Portrait
ds102 = Possession
jy292 = Potence
bl133 = Pounce
km106 = Powder of Rigidity
sa230 = Power Structure
ge106 = Powerbase: Barranquilla
ds103 = Powerbase: Berlin
lo159 = Powerbase: Cape Verde
jy293 = Powerbase: Chicago
te9 = Powerbase: Los Angeles
sw49 = Powerbase: Madrid
sa231 = Powerbase: Mexico City
sw50 = Powerbase: Montreal
sa232 = Powerbase: New York
ds104 = Powerbase: Rome
lo160 = Powerbase: Tshwane
jy294 = Powerbase: Washington, D.C.
ds105 = Praxis Seizure: Amsterdam
ah130 = Praxis Seizure: Athens
jy295 = Praxis Seizure: Atlanta
ds106 = Praxis Seizure: Barcelona
ds107 = Praxis Seizure: Berlin
jy296 = Praxis Seizure: Boston
ds108 = Praxis Seizure: Brussels
not found = Artist:  Tom Wänerstrand
ah131 = Praxis Seizure: Cairo
jy297 = Praxis Seizure: Chicago
jy298 = Praxis Seizure: Cleveland
jy299 = Praxis Seizure: Dallas
ds109 = Praxis Seizure: Dublin
ds110 = Praxis Seizure: Frankfurt
ds111 = Praxis Seizure: Geneva
ds112 = Praxis Seizure: Glasgow
jy300 = Praxis Seizure: Houston
ah132 = Praxis Seizure: Istanbul
ds113 = Praxis Seizure: London
jy301 = Praxis Seizure: Miami
ah133 = Praxis Seizure: Monaco
ds114 = Praxis Seizure: Paris
ds115 = Praxis Seizure: Rome
jy302 = Praxis Seizure: Seattle
ds116 = Praxis Seizure: Stockholm
ds117 = Praxis Seizure: Venice
jy303 = Praxis Seizure: Washington, D.C.
jy304 = Praxis Solomon
sa233 = Precognition
ds118 = Precognizant Mobility
lo161 = Predator's Communion
lo162 = Predator's Mastery
lo163 = Predator's Transformation
lo164 = Prejudice
jy305 = Presence
sa234 = Preternatural Evasion
fn104 = Priestess of Sekhmet
sa235 = Primal Instincts
ge107 = Principia Discordia
km107 = Priority Shift
sw51 = Private Audience
km108 = Procurer
km109 = Projectile
sa236 = Propaganda
pr14 = Prophecies of Gehenna
jy306 = Protean
ah134 = Protect Thine Own
vt4 = Protected Resources
jy307 = Protracted Investment
fn105 = Provision of the Silsila
km110 = Proxy Kissed
fn106 = Pseudo-Blindness
jy308 = Psyche!
jy309 = Psychic Projection
jy310 = Psychic Veil
bl134 = Psychomachia
ce86 = Pug Jackson
bl135 = Pugfar
jy311 = Pulled Fangs
jy312 = Pulling Strings
jy313 = Pulse of the Canaille
fn107 = Puppeteer (Wraith)
sw52 = Purchase Pact
km111 = Purification
ah135 = Purity of the Beast
sa237 = Pursuit
sa238 = Pushing the Limit
bl136 = Putrefaction
lo165 = Putrescent Servitude
fn108 = Qadir ul-Ghani
fn109 = Qetu the Evil Doer (Bane Mummy)
ds119 = Queen Anne
sa239 = Quentin
ce87 = Quentin King III
an96 = Quentin King III
fn110 = Qufur am-Heru
sa240 = Quick Exit
sa241 = Quick Meld
bh89 = Quicken Sight
sa242 = Quickness
lo166 = Quicksilver Contemplation
ah136 = Quietus
lo167 = Quincy, The Trapper
jy314 = Quinton McDonnell
sa243 = Quira, The Bitch Queen
jy315 = RPG Launcher
km112 = Rabbat, The Sewer Goddess
sw53 = Rabble Razing
ce88 = Rachel Brandywine
jy316 = The Rack
ah137 = Radeyah
ah138 = Rafaele Giovanni
fn111 = Rafastio Ghoul
bl137 = Raful al-Zarqa
jy317 = Rake
lo168 = Raking Talons
jy318 = Ramiel DuPre
sa244 = Ramiro
fn112 = Ramona
an97 = Ramona
jy319 = Rampage
bh90 = Random Patterns
ds120 = Ranjan Rishi, Camarilla Scholar
km113 = Ransam, The Old Man
an98 = Rant!
km114 = Raphaela Giovanni
sa245 = Rapid Change
jy320 = Rapid Healing
sa246 = Rapid Thought
sa247 = Raptor
lo169 = Rashiel
te10 = Rastacourere
jy321 = Rat's Warning
sw54 = Rave
jy322 = Raven Spy
ds121 = Ravnos Acceptance
ds122 = Ravnos Cache
ah139 = Ravnos Carnival
bl138 = Rayzeel's Song
ah140 = Raziya Samater
bl139 = Razor Bat
jy323 = Read Intentions
bl140 = Read the Winds
fn113 = Reality
sw55 = Reality Mirror
ah141 = The Realm of the Black Sun
lo170 = Reanimated Corpse
ds123 = Rebekka, Chantry Elder of Munich
ge108 = Rebel
km115 = Rebirth
ge109 = Recalled to the Founder
sa248 = Recruiting Party
sa249 = Recruitment
bh91 = Recure of the Homeland
lo171 = Recurring Contemplation
fn114 = Red Herring
km116 = Red List
lo172 = Redcap Wilder
ah142 = Redeem the Lost Soul
sa250 = Redirection
lo173 = Redistribution
an99 = Redline
sa251 = Reform Body
ge110 = Reformation
bl141 = Reg Driscoll
jy324 = Regaining the Upper Hand
an100 = Regarhagan's Hold
sa252 = Regeneration
bl142 = Regenerative Blood
sw56 = Regent
ah143 = Regilio, The Seeker of Akhenaten
ds124 = Regina Giovanni, The Right Hand of Augustus
lo174 = Reindoctrination
fn115 = Reinforcements
an101 = Reins of Power
ds125 = Release of the Shackled Soul
fn116 = Relentless Pursuit
lo175 = Reliquary: Akunanse Remains
lo176 = Reliquary: Biague
sa253 = Remilliard, Devout Crusader
bh92 = Remover
jy325 = Renegade Garou
bl143 = Renewed Vigor
an102 = Repo Man
bl144 = Repulsion
sa254 = Resilience
bh93 = Resilient Mind
jy326 = Resplendent Protector
jy327 = Restoration
ge111 = Restricted Vitae
sw57 = Restructure
bl145 = Resurrection
pr22 = Retribution
ah144 = The Return to Innocence
bh94 = Reunion Kamut
ge112 = Revelation of Desire
km117 = Revelation of Despair
km118 = Revelation of Wrath
ah145 = Revelation of the Sire
sa255 = Revelations
sa256 = Revenant
sa257 = Reverend Blackwood
km119 = Reverend Djoser Jones
jy328 = Reversal of Fortunes
ah146 = Revocation of Tyre
bl146 = Rewind Time
sa258 = Rex, The Necronomist
ge113 = Reza Fatir, The Dark Angel
sa259 = Richard Tauber, Ayelea's Puppet
sa260 = Richter, The Templar of Du Mont
jy329 = Ricki Van Demsi
bl147 = Riddle Phantastique
sa261 = Rigby, Crusade Vanguard
bl148 = Rigor Mortis
ds126 = Riposte
ge114 = Rise of the Nephtali
jy330 = Ritual Challenge
jy331 = Ritual of the Bitter Rose
ge115 = Robert Carter
ge116 = Robin Withers
lo177 = Rocia
bl149 = Rock Cat
lo178 = Rockheart
lo179 = Roderick Phillips March
bh95 = Rodolfo
bh96 = Roger Farnsworth
jy332 = Roland Bishop
jy333 = Roland Loussarian
lo180 = Roll
sa262 = Rolling with the Punches
ds127 = Rom Gypsy
jy334 = Roman Alexander
bh97 = Rooftop Shadow
ge117 = Root of Vitality
jy335 = Roreca Quaid
bh98 = Rosa Martínez
ce89 = The Rose
lo181 = Rosemarie
jy336 = Rötschreck
jy337 = Rowan Ring
jy338 = Roxanne, Rectrix of the 13th Floor
sa263 = Royce
ds128 = Rudolfo Giovanni
jy339 = Rufina Soledad
km120 = Ruins of Charizel
ds129 = Ruins of Villers Abbey, Belgium
sa264 = The Rumor Mill, Tabloid Newspaper
jy340 = Rumors of Gehenna
ce90 = Ruth McGinley
ds130 = Rutor's Hand
ge118 = Ryder
sa265 = Sabbat Inquisitor
sa266 = Sabbat Priest
jy341 = Sabbat Threat
jy342 = Sabine Lafitte
bh99 = Sabrina
sa267 = Sacrament of Carnage
ds131 = Sacre Cour Cathedral, France
sa268 = Sacrifice
ds132 = Sacrificial Lamb
sa269 = Sadie
km121 = Sahira Siraj
an103 = Saiz
ds133 = Salbatore Bokkengro
sa270 = Salinger
sa271 = Samantha
fn117 = Samat Ramal-Ra, Archon
jy343 = Sammy
sa272 = Samson
km122 = Samuel Haight
ge119 = San Lorenzo de El Escorial, Spain
sw58 = San Nicolás de los Servitas
an104 = Sandra White
bl150 = Sanguine Instruction
lo182 = Sanjo
ah147 = Saqqaf, Keeper of the Grand Temple of Set
sa273 = Sarah Brando
jy344 = Sarah Cobbler
an105 = Sarah Raines
bl151 = Sargon
fn118 = The Sargon Fragment
ah148 = Sarisha Veliku
fn119 = Sarrasine
pr15 = Sascha Vykos, The Angel of Caine
ge120 = Sascha Vykos, The Angel of Caine
ds134 = Sasha Miklos
jy345 = Saturday-Night Special
lo183 = Saulot, The Wanderer
fn120 = Save Face
jy346 = Sawed-Off Shotgun
bl152 = Saxum, Master of Slaves
lo184 = Sayshila
km123 = Scalpel Tongue
ds135 = Scapelli, The Family "Mechanic"
an106 = Scarlet Carson O'Toole
ge121 = Scattershot
jy347 = Scorn of Adonis
ah149 = Scorpion Sting
fn121 = Scorpion's Touch
sa274 = Scouting Mission
sa275 = Screw the Masquerade!
ce91 = Scrounging
sa276 = Scrying of Secrets
lo185 = Scry the Hearthstone
ge122 = Seal of Veddartha
an107 = Seattle Committee
ce92 = Sébastian Goulet
bh100 = Sébastian Goulet
jy348 = Sebastian Marley
jy349 = Second Tradition: Domain
sa277 = Secret Horde
ah150 = The Secret Library of Alexandria
lo186 = The Secret Must Be Kept
ce93 = Secret Passage
ds136 = Secure Haven
jy350 = Seduction
ah151 = Seeds of Corruption
sa278 = Sela
bh101 = Sela
km124 = Selective Silence
pr16 = Selena
jy351 = Selma the Repugnant
jy352 = Sengir Dagger
lo187 = Sennadurek
fn122 = Sennuwy, The Promoter
lo188 = Sense Death
bl153 = Sense Vitality
bl154 = Sense the Sin
ds137 = Sensory Deprivation
fn123 = Sensory Overload
bh102 = Seraph
ge123 = Seren Sukardi
ge124 = Serenading the Kami
sa279 = Sermon of Caine
ah152 = Serpentis
ge125 = Servitor of Irad
fn124 = Set's Call
ds138 = Shackles of Enkidu
sa280 = Shade
sa281 = Shadow Body
sa282 = Shadow Court Satyr (Changeling)
bl155 = Shadow Feint
fn125 = Shadow Parasite
sa283 = Shadow Play
sa284 = Shadow Step
sw59 = Shadow Strike
sw60 = Shadow Twin
lo189 = Shadow of Taint
vt6 = Shadow of the Beast
ah153 = Shadow of the Wolf
ge126 = Shahid
bh103 = Shakar
lo190 = Shaman
fn126 = Shambling Hordes
sa285 = Shane Grimald
sw61 = Shannon Price, the Whisperer
sa286 = Shanty Town Hunting Ground
bh104 = Shape Mastery
km125 = Shared Nightmare
km126 = Shared Strength
lo191 = Shasa Abu Badr
jy353 = Shattering Blow
ge127 = Shawnda Dorrit
sa287 = Sheila Mezarin
jy354 = Sheldon, Lord of the Clog
lo192 = Shell Game
ds139 = Shepherd's Innocence
fn127 = Shilmulo Deception
km127 = Shilmulo Tarot
sw62 = Shock Troops
jy355 = Short-Term Investment
sa288 = Shotgun Ritual
fn128 = Shroud Mastery
bl156 = Shroud of Absence
sa289 = Shroud of Night
bl157 = The Siamese
bh105 = Sibyl's Tongue
sa290 = Side Strike
jy356 = Sideslip
bl158 = Sight Beyond Sight
ah154 = The Signet of King Saul
ds140 = Sigrid Bekker
ah155 = Silence of Death
fn129 = Silvia Giovanni
ah156 = Sins of the Cauchemar
ge128 = Siphon
ce94 = Sir Henry Johnson
fn130 = Sir Marriot D'Urban
ce95 = Sir Ralph Hamilton
jy357 = Sir Walter Nash
bl159 = Siren's Lure
lo193 = Sires Command, Childer Inherit
bh106 = Sire's Index Finger
bh107 = Sister Evelyn
jy358 = Sixth Tradition: Destruction
ge129 = Skidmark
sw63 = Skin Trap
jy359 = Skin of Night
jy360 = Skin of Rock
jy361 = Skin of Steel
fn131 = Skin of the Adder
bl160 = Skin of the Chameleon
bh108 = Skryta Zyleta
an108 = Skullduggery
jy362 = The Slashers
bl161 = The Slaughterhouse
sa291 = Slaughtering the Herd
sa292 = Slave Auction
ge130 = Sleep Unseen
sa293 = The Sleeping Mind
ge131 = Sleep of Reason
fn132 = Sleight of Hand
ge132 = The Slow Withering
jy363 = Slum Hunting Ground
an109 = Smallpox Griet
an110 = Smash and Grab
jy364 = Smiling Jack, The Anarch
fn133 = Smoke Grenade
ge133 = Smoke and Mirrors
jy365 = Smudge the Ignored
an111 = Snipe Hunt
fn134 = Sniper Rifle
ge134 = Soak
bl162 = Soar
lo194 = Sobayifa
jy366 = Social Charm
bh109 = Social Ladder
jy367 = Society Hunting Ground
jy368 = Society of Leopold
bh110 = Sociopath
bh111 = Soldat
lo195 = Solomon Batanea
km128 = Sonar
sa294 = Song in the Dark
lo196 = Song of Pan
sa295 = Song of Serenity
ge135 = Songs of the Distant Vitae
km129 = Sonja Blue
an112 = Sophia Watson
sa296 = Soul Burn
km130 = Soul Decoration
jy369 = Soul Gem of Etrius
bl163 = Soul Painting
ds141 = Soul Stealing
bl164 = Soul of the Earth
an113 = Sowing Dissension
jy370 = The Spawning Pool
bl165 = Speak with Spirits
ce96 = Special Report
bh112 = Specialization
ds142 = Spectral Divination
sa297 = Speed of Thought
ge136 = Spider
fn135 = Spider-Killer
lo197 = Spike-Thrower
ah157 = Spiridonas
bl166 = Spirit Marionette
sa298 = Spirit Summoning Chamber
jy371 = Spirit's Touch
ds143 = Spiritual Intervention
ds144 = Spiritual Protector
fn136 = Spleen, Georgio Gutterpunk
pr23 = Spontaneous Power
jy372 = Sport Bike
jy373 = Spying Mission
lo198 = Squirrel Balance
ds145 = Stanislava
sa299 = Staredown
fn137 = Starshell Grenade Launcher
ge137 = Starvation of Marena
lo199 = Static Virtue
an114 = The Status Perfectus
bh113 = Stealth Ritus
bl167 = Steal the Mind
sa300 = Steam Tunnels
ds146 = Stefano Giovanni
ce97 = Steve Booth
an115 = Stolen Police Cruiser
bl168 = Stone Dog
bl169 = Stone Quills
bl170 = Stone Travel
lo200 = Stonestrength
sw64 = Storage Annex
jy374 = Storm Sewers
ds147 = Strained Vitae Supply
lo201 = Strange Day
bl171 = The Stranger Among Us
sa301 = Stravinsky
bl172 = Strength of the Bear
ge138 = Stunt Cycle
fn138 = Stutter-Step
jy375 = Submachine Gun
sa302 = Succubus
jy376 = Succubus Club
fn139 = Succulent Vitae
km131 = Sudario Refraction
jy377 = Sudden Reversal
ah158 = Suhailah
fn140 = Summon Soul
lo202 = Summon Spirit Beast
fn141 = The Summoning
sa303 = Summon the Abyss
ah159 = Summon the Serpent
an116 = Sundown
sa304 = Sunrise Service
an117 = Sunset Strip, Hollywood
sa305 = Superior Mettle
km132 = Suppressing Fire
jy378 = Surprise Influence
sa306 = Survivalist
fn142 = Sutekh, The Dark God
ce98 = Suzanne Kadim
km133 = Svadharma
sa307 = Swallowed by the Night
lo203 = Swarm
an118 = Sweeper
bl173 = Swiftness of the Stag
bl174 = Swoop
sa308 = Sword of Judgment
an119 = Sword of Nuln
an120 = Sword of Troile
bl175 = Sword of the Righteous
jy379 = Sylvester Simms
bl176 = Synesios
bh114 = Szechenyi Jolán, Mother of Horrors
bh115 = Tabitha Fisk
bl177 = Tabriz Assembly
ah160 = Tainted Vitae
fn143 = Tajdid
ah161 = Talaq, The Immortal
jy380 = Talbot's Chainsaw
sw65 = Talley, the Hound
bh116 = Talons of the Dead
ce99 = Tammy Walenski
lo204 = Tanginé
lo205 = Tangle Atropos' Hand
ah162 = Tansu Bekir
ge139 = Tapestry of Blood
ds148 = Tara, The Hollow One (Mage)
bh117 = Tarbaby Jack
fn144 = Tariq, The Silent
km134 = Tariq, The Silent
jy381 = Tasha Morgan
ah163 = Taste of Death
jy382 = Taste of Vitae
jy383 = Tatiana Romanov
km135 = Tatiana Stepanova, Alastor
lo206 = Tatu Sawosa
ce100 = Tayshawn Kearns
fn145 = Tegyrius, Vizier
an121 = Tegyrius, Vizier
jy384 = Telepathic Counter
jy385 = Telepathic Misdirection
sw66 = Telepathic Tracking
jy386 = Telepathic Vote Counting
sw67 = Templar
ah164 = Temple Hunting Ground
ah165 = Temptation
jy387 = Temptation of Greater Power
bh118 = Tenebrous Form
ce101 = Tension in the Ranks
bh119 = Teresita, The Godmother
ds149 = Tereza Rostas
lo207 = Terra Incognita
bh120 = Terrell Harding
sw68 = Terrence
sa309 = Terror Frenzy
ah166 = Terrorists
bl178 = Terry
km136 = The Textbook Damnation
jy388 = Thadius Zho, Mage
sa310 = Thanks for the Donation
jy389 = Thaumaturgy
jy390 = Theft of Vitae
sa311 = Thelonius
fn146 = Theo Bell
ge142 = Theo Bell
fn147 = Theron
ah167 = Thetmes, Caliph of Alamut
fn148 = Thin Blood
bh121 = Thin-Blooded Seer
jy391 = Third Tradition: Progeny
ge143 = Thirst
bl179 = Thomas Steed, The Angry
jy392 = Thomas Thorne
lo208 = Thomasso Ghiberti
lo209 = Those Who Endure Judge
ds150 = Thoughts Betrayed
jy393 = Threats
km137 = Threestar Cab Company
fn149 = Thrones Crumble
jy394 = Thrown Gate
jy395 = Thrown Sewer Lid
jy396 = Tiberius, The Scandalmonger
sa312 = Tier of Souls
jy397 = Timothy Crowley
sa313 = Tithings
ce102 = Tobias Smith
bh122 = Tock
bl180 = Tom
ah168 = Tomb of Rameses III
sa314 = Tommy
ah169 = Tongue of the Serpent
ce103 = Tony
ds151 = Toreador Grand Ball
jy398 = Toreador Justicar
bl181 = Toreador's Bane
ds152 = Torment the Soul
jy399 = Torn Signpost
ge144 = Torpid Blood
fn150 = Tortured Confession
an122 = Torvus Bloodbeard
sw69 = Total Insanity
bl182 = Tourette's Voice
fn151 = Tower of London
bl183 = Toy Chest Test
bl184 = Tracker's Mark
ds153 = Tradition Upheld
ge145 = Traditionalist
jy400 = Tragic Love Affair
bh123 = Trainer
km138 = Tranquility
sa315 = Transfer of Power
lo210 = Transfusion
jy401 = Trap
lo211 = Travelers Obey the Tenets
ah170 = Treachery
fn152 = Treasured Samadji
ds154 = The Treatment
ah171 = Treaty of Tyre Enforced
ds155 = Tremere Convocation
jy402 = Tremere Justicar
sa316 = Tribute to the Master
ds156 = The Trick of the Danya
ds157 = Triole's Revenge
lo212 = Troglodytia
km139 = Trophy: Clan Respect
km140 = Trophy: Diablerie
km141 = Trophy: Discipline
km142 = Trophy: Domain
km143 = Trophy: Hunting Ground
km144 = Trophy: Progeny
km145 = Trophy: Retainers
km146 = Trophy: Safe Passage
km147 = Trophy: Wealth
bl185 = True Faith
km148 = True Love's Face
bl186 = Truman
km149 = Trumped-Up Charges
lo213 = Truth of Blood
km150 = Truth of a Thousand Lies
ds158 = Tsigane
lo214 = Tsunda
km151 = Tumnimos
lo215 = Tupdog
jy403 = Tura Vaughn
jy404 = Tusk, The Talebearer
an123 = Tusk, The Talebearer
fn153 = Tutu the Doubly Evil One (Bane Mummy)
sa317 = Twisted Forest
sa318 = Twisting the Knife
ce104 = Tyler
bh124 = Typhonic Beast
lo216 = Ubende
bl187 = Ublo-Satha
lo217 = Uchenna
lo218 = Ugadja
jy405 = Ulugh Beg, The Watcher
jy406 = Uma Hatch
ge146 = Una
sa319 = Unacceptable Appearance
bl188 = Unburdening the Bestial Soul
ce105 = Uncle George
ah172 = Uncontrollable Rage
lo219 = Uncontrolled Impulse
jy407 = Undead Persistence
jy408 = Undead Strength
bh125 = Under the Skin
ah173 = Underworld Hunting Ground
km152 = Undue Influence
km153 = Undying Thirst
jy409 = Unflinching Persistence
sa320 = University Hunting Ground
an124 = Unlicensed Taxicab
ge147 = The Unmasking
jy410 = Unnatural Disaster
bl189 = Unre, Keeper of Golgotha
lo220 = Unseen Hibernation
bl190 = Unwholesome Bond
sa321 = Up Yours!
jy411 = Uptown Hunting Ground
fn154 = Ur-Shulgi, The Shepherd
lo221 = Urenna Bunu
jy412 = Uriah Winter
sa322 = Using the Advantage
lo222 = Uzoma
ds159 = Vaclav Petalengro
sw70 = Vagabond Mystic
km154 = Valerius Maior, Hell's Fool
km155 = Valerius Maior, Hell's Fool
ce106 = Valois Sang, The Watcher
jy413 = Vampiric Disease
jy414 = Vampiric Speed
sa323 = Vanessa
jy415 = Vanish from the Mind's Eye
km156 = Vardar Vardarian
sa324 = Vasantasena
fn155 = Vascular Explosion
ah174 = Vasilis, The Traitor of Don Cruez
jy416 = Vast Wealth
sa325 = Vaulderie
fn156 = Vedel Esbreno
ds160 = Veiled Sight
ge148 = Veil of Darkness
fn157 = Veil of Silence
an125 = Velya, The Flayer
bh126 = Vendetta
fn158 = Veneficorum Artum Sanguis
fn159 = Venenation
bh127 = Venere Carboni
fn160 = Venetian Conference
bl191 = Vengeance of Samiel
ds161 = Ventrue Directorate Assembly
jy417 = Ventrue Headquarters
sa326 = Ventrue Investment
jy418 = Ventrue Justicar
ds162 = Vial of Elder Vitae
ds163 = Vial of Garou Blood
sa327 = Vicissitude
sa328 = Vicissitude Poisoning
km157 = Victim of Habit
sa329 = Victor Revell, Loyalist
sw71 = Victor Tolliver
ds164 = Victoria
fn161 = Victoria Ash
ce107 = Victorine Lafourcade
sw72 = Vincent Day, Paladin and Paragon
ah175 = Violation of Trust
sa330 = Violet Tremain
jy419 = Violette Prentiss
sa331 = Virgil
ge149 = Virolax Facility
ce108 = Virstania, The Great Mother
fn162 = Visit from the Capuchin
bl192 = Vitae Block
ds165 = Vittorio Giovanni
jy420 = Vliam Andor
sw73 = Voice of Madness
ds166 = Volker, The Puppet Prince
jy421 = Voter Captivation
bh128 = Vox Domini
bh129 = Vox Senis
jy422 = Vulnerability
lo223 = Vulture's Buffet
bh130 = WMRH Talk Radio
bh131 = Wah Chun-Yuen
jy423 = Wake with Evening's Freshness
bl193 = Walk of Caine
jy424 = Walk of Flame
sa332 = Walk through Arcadia
lo224 = Wamukota
lo225 = Wanderer's Counsel
sa333 = War Ghoul
sa334 = War Party
km158 = Warning Sirens
jy425 = Warzone Hunting Ground
ds167 = Wasserschloss Anif, Austria
sw74 = Waste Management Operation
bh132 = Watch Commander
bh133 = Watchtower: Chosen are Called
bh134 = Watchtower: Four Ride Forth
bh135 = Watchtower: Greatest Fall
ah176 = Watenda
km159 = Waters of Duat
sa335 = Wave of Insanity
fn163 = Wave of Lethargy
ah177 = Weakness
jy426 = Weather Control
km160 = Web of Knives Recruit
fn164 = Week of Nightmares
bh136 = Weeping Stone
ce109 = Weighted Walking Stick
km161 = Weigh the Heart
bh137 = Weirding Stone
jy427 = Well-Aimed Car
fn165 = Wendell Delburton (Hunter)
sa336 = Wendy Wade
ds168 = Werewolf Pack
ah178 = Whispers from the Dead
ds169 = Whispers of the Nictuku
lo226 = Whistling Up the Beast
sa337 = White Phosphorus Grenade
bl194 = The Wildebeest
ds170 = Wilhelm Waldburg
ce110 = William Biltmore
ce111 = Will of the Council
bh138 = Winchester Mansion
pr17 = Wind Dance
lo227 = Winged Second
lo228 = Wise Spider
bl195 = Withering
jy428 = Wolf Claws
jy429 = Wolf Companion
bl196 = Wolf Valentine
ce112 = Wolfgang
jy430 = Wooden Stake
ge150 = Wormwood
ds171 = Wrath of the Inner Circle
sw75 = Wren
ah179 = Writ of Acceptance
jy431 = Wynn
jy432 = XTC-Laced Blood
pr18 = Xaviar
bh139 = Yasmin the Black
lo229 = Yavu Matebo
bh140 = Yazid Tamari
an126 = Year of Fortune
bh141 = Yitzak
sa338 = Yong-Sun, Harmonist
bh142 = Yong-Sun, Harmonist
sa339 = Yorik
lo230 = Yoruba Shrine
lo231 = Yseult
jy433 = Yuri, The Talon
fn166 = Yusuf, Scribe of Alamut
ce113 = Yvette, The Hopeless
sa340 = Zachary
jy434 = Zack North
fn167 = Zahir, Hand of the Silsila
lo232 = Zaire River Ferry
an127 = Zayyat, The Sandstorm
jy435 = Zebulon
lo233 = Zhara
lo234 = Zhenga
bh143 = Zillah's Tears
fn168 = Zillah's Valley
bh144 = Zip
jy436 = Zip Gun
ds172 = Zoe
ds173 = Zombie
ce114 = Zoning Board
jy437 = Zoo Hunting Ground
lo235 = Zygodat
Process exited with exit code 0.
