ln1=AK-47 
ln2=Abdelsobek 
ln3=Accorri Giovanni 
ln4=Agent of Power 
ln5=Ahmose Chambers 
ln6=Alu 
ln7=Ambulance 
ln8=Anjalika Underwood 
ln9=Armor of Vitality 
ln10=Army of Apparitions 
ln11=Arnulf Jormungandrsson 
ln12=Autonomic Mastery 
ln13=Bakr 
ln14=Belle Equitone 
ln15=Bertrand d'Anjou 
ln16=Bestow Vigor 
ln17=The Black Throne 
ln18=Blithe Acceptance 
ln19=Blood Awakening 
ln20=Bloodlust 
ln21=Brian Thompson 
ln22=Brute Force 
ln23=Bundi 
ln24=Burden the Mind 
ln25=Camera Phone 
ln26=Can't Take it with You 
ln27=Cave of Apples 
ln28=Chair of Hades 
ln29=Charigger, The Axe 
ln30=Chavi Oraczko 
ln31=Clea Auguste d'Holford 
ln32=Cobra Fangs 
ln33=Cold Aura 
ln34=Command the Legion 
ln35=Community Justice 
ln36=Conceal 
ln37=Condemn the Sins of the Father 
ln38=Diego Giovanni 
ln39=Divine Image 
ln40=Djuhah, The Bronze Bow 
ln41=Dmitri Borodin 
ln42=Dream World 
ln43=Durga Syn 
ln44=Eluding the Arms of Morpheus 
ln45=Eric Milliner 
ln46=The Eternal Mask 
ln47=The Eternals of Sirius 
ln48=Evan Rogers 
ln49=Eyes of Blades 
ln50=False Resonance 
ln51=Fantasy World 
ln52=Fillip 
ln53=Flesh Bond 
ln54=Forearm Block 
ln55=Francis Milliner 
ln56=Ganesh 
ln57=Gianmaria Giovanni 
ln58=Giovanni del Georgio 
ln59=Gramle 
ln60=Guillaume Giovanni 
ln61=Gwen Brand 
ln62=Hafsa, The Watcher 
ln63=Halim Bey 
ln64=Haqim's Law: Leadership 
ln65=Hard Case 
ln66=Heart's Desire 
ln67=Hide the Mind 
ln68=Into Thin Air 
ln69=Izhim abd Azrael 
ln70=Jamal 
ln71=Jayakumar 
ln72=Jericho Founding 
ln73=Johann Matheson 
ln74=Kabede Maru 
ln75=Karavalanisha Vrana 
ln76=Kashan 
ln77=Kay Polerno 
ln78=Khazar's Diary (Endless Night) 
ln79=Kiradin 
ln80=Kpist m/45 
ln81=Kumpania 
ln82=Lady Constancia 
ln83=Layla bint-Nadr 
ln84=Lesser Boon 
ln85=Leverage 
ln86=Lizette 
ln87=Lorenzo Detuono 
ln88=Loss 
ln89=Lost in Translation 
ln90=Luna Giovanni 
ln91=Malajit Chandramouli 
ln92=Mantle of the Moon 
ln93=Marcia Felicia Licinia 
ln94=Margaret Milliner 
ln95=Marla Kenyon 
ln96=Mental Maze 
ln97=Mercury's Arrow 
ln98=Mesu Bedshet 
ln99=Mirror's Visage 
ln100=Mokolé Blood 
ln101=Monster 
ln102=Monty Coven 
ln103=Murmur of the False Will 
ln104=Nakhthorheb 
ln105=Narrow Minds 
ln106=Neel Ramanathan 
ln107=Nephren-Ka 
ln108=Nest of Eagles 
ln109=Nightstick 
ln110=Nunzio Giovanni 
ln111=Ogwon 
ln112=Omael Kuman 
ln113=Open Dossier 
ln114=Paolo Sardenzo 
ln115=Papa Legba 
ln116=Pentweret 
ln117=Permanent Vacation 
ln118=Phaedyme 
ln119=Poison the Well of Life 
ln120=Porphyrion 
ln121=Powerbase: Savannah 
ln122=Powerbase: Zürich 
ln123=Precision 
ln124=Preternatural Strength 
ln125=Primo Giovanni 
ln126=Promise of 1528 
ln127=Public Trust 
ln128=Quick Jab 
ln129=Reckless Agitation 
ln130=Renenet 
ln131=Resist Earth's Grasp 
ln132=Resume the Coil 
ln133=Retain the Quick Blood 
ln134=Revelation of Ecstasy 
ln135=Sajid al Misbah 
ln136=Sense the Savage Way 
ln137=Seterpenre 
ln138=Set's Curse 
ln139=Sheepdog 
ln140=Shell Break 
ln141=Shemti 
ln142=Shroudsight 
ln143=Sisocharis 
ln144=Slam 
ln145=Soul Feasting 
ln146=Spell of Life 
ln147=Stephen Milliner 
ln148=Street Cred 
ln149=Strike at the True Flesh 
ln150=Sukainah 
ln151=Sundervere, The Devil Brahmin 
ln152=Swiss Cut 
ln153=Sympathetic Agony 
ln154=Talith 
ln155=Target Hand 
ln156=Target Head 
ln157=Target Leg 
ln158=Target Vitals 
ln159=Therbold Realty 
ln160=Thucimia 
ln161=Trochomancy 
ln162=Trophy: Library 
ln163=Trophy: No Questions 
ln164=Trophy: Revered 
ln165=Tye Cooper 
ln166=Underbridge Stray 
ln167=Undying Tenacity 
ln168=Unholy Penance 
ln169=Urban Jungle 
ln170=Vasiliy Vasilevich 
ln171=Vassily Taltos 
ln172=Vessel 
ln173=Warrant 
ln174=Will-o'-the-Wisp 
ln175=Zapaderin 
