sc1=Appius Claudius Corvus 
sc2=Arianne, The Conqueror 
sc3=Ash Harrison 
sc4=Biothaumaturgic Experiment 
sc5=Black Hand Emissary 
sc6=Blind Spot 
sc7=Cadet 
sc8=Carmen 
sc9=Census Taker 
sc10=Cloak of Blood 
sc11=Dr. Morrow, The Skindoctor 
sc12=Drink the Blood of Ahriman 
sc13=Drop Point Network 
sc14=Eccentric Billionaire 
sc15=Elimelech the Twice-Damned 
sc16=Empowering the Puppet King 
sc17=Enrage 
sc18=Epiphany 
sc19=Fairuza 
sc20=Follow the Blood 
sc21=Forced Vigilance 
sc22=Framing an Ancient Grudge 
sc23=Gatjil Munyarryun 
sc24=Guarded Rubrics 
sc25=Hagar Stone 
sc26=Hand Contract 
sc27=Joseph Pander 
sc28=Liquefy the Mortal Coil 
sc29=Lubomira Hradok 
sc30=Mantle of the Bestial Majesty 
sc31=Marge Khan 
sc32=Mustajib 
sc33=Nails 
sc34=Nizzam al-Latif 
sc35=Nocturn 
sc36=Notorious Brutality 
sc37=Ondine "Boudicca" Sinclair 
sc38=Praetorian Backer 
sc39=Prison of the Mind 
sc40=Psychic Assault 
sc41=Rashid Stockton 
sc42=Ruins of Ceoris 
sc43=Sanguinary Wind 
sc44=Saul Meira 
sc45=Seraph's Second 
sc46=Shaggydog 
sc47=Stephen Bateson 
sc48=Tattoo Signal 
sc49=Taunt the Caged Beast 
sc50=Touch of Pain 
sc51=Tribunal Judgment 
sc52=Trophy: Chosen 
sc53=Truth in Ink 
sc54=The Uncoiling 
sc55=Unexpected Coalition 
sc56=Veil the Legions 
sc57=Vermin Channel 
sc58=Watchtower: The Wolves Feed 
sc59=Zubeida 
