ek1=419 Operation
ek2=Abiku
ek3=Abu Nuwasi
ek4=Aisata Swanou
ek5=Arriette Sylla
ek6=Bamba
ek7=Batsheva (advanced)
ek8=Bestial Vengeance
ek9=Blood Shield
ek10=Brutal Influence
ek11=Cesewayo (advanced)
ek12=Despiral
ek13=Devil-Channel: Feet
ek14=Dusk Work
ek15=Edge of the World
ek16=Elizabeth Conde
ek17=Exile
ek18=Familial Bond
ek19=Fode Kourouma
ek20=Guinea-Bissau Carnival
ek21=Hiding in the Open
ek22=Ilomba
ek23=Impundulu
ek24=Invoke Poison Glands
ek25=Ishtarri Warlord
ek26=Jibade el-Bahrawi (advanced)
ek27=Jua Vema
ek28=Kamiri wa Itherero
ek29=Kuta
ek30=Luanda Magere
ek31=Lucian, the Perfect
ek32=Make an Example
ek33=Mamadou Keita
ek34=Mapatano Utando
ek35=Mundane
ek36=My Kin Against the World
ek37=Nana Buruku
ek38=Neebi
ek39=Nestor Kaba
ek40=Ngozi Ekwensu
ek41=Nkishi
ek42=Pallid
ek43=Powerbase: Luanda
ek44=Reliquary: Trinket
ek45=Remnant of the Endless Storm
ek46=Savannah Runner
ek47=Sense Vibrations
ek48=Socrate Cidibe
ek49=Supernatural Resistance
ek50=Taking the Skin: Minion
ek51=Taking the Skin: Vulture
ek52=Taming the Beast
ek53=The Bitter and Sweet Story
ek54=Titi Camara
ek55=Transcendent Laibon
ek56=Tunnel Runner
ek57=Umdava
ek58=Undele
ek59=Unholy Radiance
ek60=Well-Marked
