tr1=Anarch Convert
tr2=An Anarch Manifesto
tr3=Andy
tr4=Anonymous Freight
tr5=Antoine, The Lost
tr6=Baseball Bat
tr7=Blade Clot
tr8=Blood Turnip
tr9=Calvin Cleaver
tr10=Chameleon
tr11=Clifton Derrik
tr12=Club Illusion
tr13=Constant Revolution
tr14=CrimethInc.
tr15=Crypt's Sons
tr16=Detect Authority
tr17=Dirk
tr18=Elixir of Distillation
tr19=Exclusion Principle
tr20=Failsafe
tr21=Final Loosening
tr22=The Framing
tr23=Garibaldi-Meucci Museum
tr24=Grey Thorne
tr25=Haven Hunting
tr26=Hell-for-Leather
tr27=Jack Drake
tr28=Jacob Fermor
tr29=Juniper
tr30=Keystone Kine
tr31=Laecanus
tr32=Lam Into
tr33=Libertas
tr34=Lin Jun
tr35=Louis Fortier
tr36=Marguerite Foccart
tr37=Monkey Wrench
tr38=No Confidence
tr39=Open War
tr40=Patsy
tr41=Piper
tr42=Poacher's Hunting Ground
tr43=Power of All
tr44=Power of One
tr45=Preston Varrick
tr46=Reverend Adams
tr47=Revolutionary Council
tr48=Sean Rycek
tr49=Shattering
tr50=Shoulder Drop
tr51=Smear Campaign
tr52=Stealing Years
tr53=Steely Tenacity
tr54=T.J.
tr55=Tarautas
tr56=Toby
tr57=Topaz
tr58=Twilight Camp
tr59=The World's a Canvas
tr60=Zip Line
