htb1=The Ailing Spirit
htb2=Al-Muntathir, God's Witness
htb3=Alcoan
htb4=Amulet of Temporal Perception
htb5=Angel Chavarria
htb6=Annazir
htb7=Anu Diptinatpa
htb8=The Arcadian
htb9=Ariel
htb10=Arishat
htb11=Asguresh
htb12=As the Crow
htb13=Azrael
htb14=Baroque
htb15=Barrenness
htb16=Benefit Performance
htb17=The Black Beast
htb18=Blessed Resilience
htb19=Blessing of the Beast
htb20=Bliss
htb21=Blood Tempering
htb22=Brick by Brick
htb23=Brigitte Mandisa
htb24=Byzar
htb25=Cavalier
htb26=Charge of the Buffalo
htb27=Chaundice
htb28=Cheat the Fates
htb29=Clockwerx
htb30=Code of Samiel
htb31=Command Performance
htb32=Dabbler
htb33=Dagger
htb34=Danylo
htb35=Darlene Killian
htb36=Death Seeker
htb37=Decompose
htb38=Development
htb39=Diabolic Lure
htb40=Din of the Damned
htb41=Dive Bomb
htb42=Dovey Ebfwe
htb43=Draeven Softfoot (Changeling)
htb44=Ears of the Hare
htb45=Ensconced
htb46=Evil Eye
htb47=Evil Jensen
htb48=Faerie Wards
htb49=Fanfare for Elysium
htb50=Flames of the Netherworld
htb51=Foldable Machine Gun
htb52=Fractura
htb53=Fustuk
htb54=Gavrylo
htb55=Gift of Sleep
htb56=Great Symposium
htb57=Greater Curse
htb58=Greer Worder
htb59=Gremlins
htb60=Groaning Corpse
htb61=Grotesque
htb62=Harlan Graves
htb63=Harmony
htb64=Hatch the Viper
htb65=Hay Ride
htb66=Helen Fairchild
htb67=Hexe
htb68=Hide the Heart
htb69=Hillanvale
htb70=Hive Mind
htb71=The Horde
htb72=Hunger Moon
htb73=I am Legion
htb74=Infernal Servitor
htb75=Isanwayen
htb76=Janet Langer
htb77=Jar of Skin Eaters
htb78=Josette
htb79=Joumlon's Axe
htb80=Journal of Hrorsh
htb81=Jozz
htb82=Knotted Cord
htb83=Kyrylo
htb84=La Viuda Blanca
htb85=Lead Fist
htb86=Lily Prelude
htb87=Lord of Serenity
htb88=Loving Agony
htb89=Lydia, Grand Praetor
htb90=Malachai
htb91=Maleficia
htb92=Masca
htb93=Matthew
htb94=Member of the Entourage
htb95=Mikael Birkholm
htb96=Mind of the Wilds
htb97=Minor Curse
htb98=Mole's Tunneling
htb99=Momentary Delay
htb100=Mordechai Ben-Nun
htb101=Morlock
htb102=Morphean Blow
htb103=Myrna Goldman
htb104=Nahum Enosh
htb105=New Moon Sigil
htb106=Nicomedes
htb107=Nitidas
htb108=Obaluaye
htb109=Off Kilter
htb110=Olid Loa
htb111=Oppugnant Night
htb112=Outside the Hourglass
htb113=The Path of Harmony
htb114=The Path of Service
htb115=Pavlo
htb116=Penitent Resilience
htb117=Pocket Out of Time
htb118=Potio Martyrium
htb119=Pressing Flesh
htb120=Psalm of the Damned
htb121=Qawiyya el-Ghaduba
htb122=Ravager
htb123=Raw Recruit
htb124=Research
htb125=The Rising
htb126=Ritual Scalpel
htb127=Rusticus
htb128=Safe Passage
htb129=Sahana
htb130=Scarlet Lore
htb131=Scobax
htb132=Scourge of Alecto
htb133=Scout Youngwood
htb134=Serenna the White
htb135=Shaal Fragment
htb136=Shadowed Eyes
htb137=Shalmath
htb138=Shattering Crescendo
htb139=Shatter the Gate
htb140=Silas
htb141=Slake the Thirst
htb142=Spirit Claws
htb143=Stiff Contempt
htb144=Striga
htb145=Strix
htb146=Summon History
htb147=Sylvie Helgon
htb148=Tend the Flock
htb149=Thicker than Blood
htb150=Threading the Path of Orpheus
htb151=Three's a Crowd
htb152=Tinglestripe
htb153=Toy
htb154=Treat the Sick Mind
htb155=Under My Skin
htb156=Unleash Hell's Fury
htb157=Uriel
htb158=Vaticination
htb159=Veejay Vinod
htb160=Veneficti (Mage)
htb161=Virtuosa
htb162=Visionquest
htb163=Voices of the Castle
htb164=Volo
htb165=Warding the Beast
htb166=Wider View
htb167=Xeper, Sultan of Lepers
htb168=The unnamed
