una1=Abid bin Haji, Scholar of Mirrors 
una2=Adri, the Seeker 
una3=Al-Ashrad, Amr of Alamut (advanced)
una4=Art Morgan 
una5=Bear's Skin 
una6=Bez Dunsirn 
una7=Blight 
una8=Brunhilde 
una9=C.J. 
una10=Cao Nguyen 
una11=Count Jocalo 
una12=Dam the Heart's River 
una13=Delizbieta of the Dark Eyes 
una14=Dhita Choudhair 
una15=Domenic Giovanni 
una16=Dr. Lawrence Mayhew 
una17=Dr. Oliver Genet 
una18=Dr. Sutton Gassaway 
una19=Elizabeth Dimitros 
una20=Enam 
una21=Ennoia's Theater 
una22=Enzo Giovanni, Pentex Board of Directors (advanced)
una23=Flavia, Avenging Angel 
una24=Focus the Blood 
una25=Funeral Wake 
una26=Ghede 
una27=Gianna di Canneto 
una28=Gift of Proteus 
una29=Giulia Giovanni Abruzzina 
una30=Glycon 
una31=Hall of Mirrors 
una32=Iago Castille 
una33=Illusory Resources 
una34=Imanna 
una35=In Memory of the Two Lands 
una36=Inyanga 
una37=Ivan Krenyenko (advanced)
una38=Karmenita Yoryari 
una39=Legba 
una40=Lisandro Giovanni 
una41=Lupo Giovanni 
una42=Madeleine Giovanni 
una43=Malcolm 
una44=Mark Decker 
una45=Martino della Passaglia 
una46=Matasuntha 
una47=Mateusz Kazimirski, Biker of Blood 
una48=Missy Shillingford 
una49=Nar-Sheptha 
una50=Omer 
una51=Ophidian Gaze 
una52=Priority Contract 
una53=Rebekah 
una54=Rewilding 
una55=Rosa Hernández 
una56=Saatet-ta (Bane Mummy) 
una57=Salvatore Giovanni 
una58=Sanguine Entrapment 
una59=Sanjay Chakrabarti 
una60=Sarrasine (advanced)
una61=Serpent's Numbing Kiss 
una62=Shahara al-Rashwa 
una63=Skaald 
una64=Spiritual Guidance 
una65=Suspension of Disbelief 
una66=Thing 
una67=Valkyrie 
una68=Velvet Tongue 
una69=Vestgeir 
una70=Wise Frog 
una71=Xaviar 
una72=Zephyr 
